################################################################################
#                                                                              #
#      IAR Universal Linker V4.60K/386                                         #
#                                                                              #
#           Link time     =  18/Jun/2013  16:08:13                             #
#           Target CPU    =  x51                                               #
#           List file     =  "E:\study\zg projects\shm\SPP-BT\App_Ex\cc2430\IA #
#                            R_files\TX\List\appEx_cc2430.map"                 #
#           Output file 1 =  "E:\study\zg projects\shm\SPP-BT\App_Ex\cc2430\IA #
#                            R_files\TX\Exe\appEx_cc2430.hex"                  #
#                            Format: debug                                     #
#                            UBROF version 10.0.2                              #
#                            Using library modules for C-SPY (-rt)             #
#           Command line  =  "-ID:\Program Files\IAR Systems\Embedded Workbenc #
#                            h 4.0 Evaluation version\8051\CONFIG\"            #
#                            "E:\study\zg projects\shm\SPP-BT\App_Ex\cc2430\IA #
#                            R_files\TX\Obj\adcSampleSingle.r51"               #
#                            "E:\study\zg projects\shm\SPP-BT\App_Ex\cc2430\IA #
#                            R_files\TX\Obj\app_ex_interrupt.r51"              #
#                            "E:\study\zg projects\shm\SPP-BT\App_Ex\cc2430\IA #
#                            R_files\TX\Obj\app_ex_main.r51"                   #
#                            "E:\study\zg projects\shm\SPP-BT\App_Ex\cc2430\IA #
#                            R_files\TX\Obj\dmaAllocChannel.r51"               #
#                            "E:\study\zg projects\shm\SPP-BT\App_Ex\cc2430\IA #
#                            R_files\TX\Obj\dmaFreeChannel.r51"                #
#                            "E:\study\zg projects\shm\SPP-BT\App_Ex\cc2430\IA #
#                            R_files\TX\Obj\dmaFromRadio.r51"                  #
#                            "E:\study\zg projects\shm\SPP-BT\App_Ex\cc2430\IA #
#                            R_files\TX\Obj\dmaInit.r51"                       #
#                            "E:\study\zg projects\shm\SPP-BT\App_Ex\cc2430\IA #
#                            R_files\TX\Obj\dmaSetUpChannel.r51"               #
#                            "E:\study\zg projects\shm\SPP-BT\App_Ex\cc2430\IA #
#                            R_files\TX\Obj\dmaToRadio.r51"                    #
#                            "E:\study\zg projects\shm\SPP-BT\App_Ex\cc2430\IA #
#                            R_files\TX\Obj\dmaToUart0.r51"                    #
#                            "E:\study\zg projects\shm\SPP-BT\App_Ex\cc2430\IA #
#                            R_files\TX\Obj\putchar.r51"                       #
#                            "E:\study\zg projects\shm\SPP-BT\App_Ex\cc2430\IA #
#                            R_files\TX\Obj\radio.r51"                         #
#                            "E:\study\zg projects\shm\SPP-BT\App_Ex\cc2430\IA #
#                            R_files\TX\Obj\rfConfig.r51"                      #
#                            "E:\study\zg projects\shm\SPP-BT\App_Ex\cc2430\IA #
#                            R_files\TX\Obj\rfReceivePacket.r51"               #
#                            "E:\study\zg projects\shm\SPP-BT\App_Ex\cc2430\IA #
#                            R_files\TX\Obj\rfSendPacket.r51"                  #
#                            "E:\study\zg projects\shm\SPP-BT\App_Ex\cc2430\IA #
#                            R_files\TX\Obj\rfSetRadioFrequency.r51"           #
#                            "E:\study\zg projects\shm\SPP-BT\App_Ex\cc2430\IA #
#                            R_files\TX\Obj\rf_test.r51"                       #
#                            "E:\study\zg projects\shm\SPP-BT\App_Ex\cc2430\IA #
#                            R_files\TX\Obj\setTimer1Period.r51"               #
#                            "E:\study\zg projects\shm\SPP-BT\App_Ex\cc2430\IA #
#                            R_files\TX\Obj\setTimer2Period.r51"               #
#                            "E:\study\zg projects\shm\SPP-BT\App_Ex\cc2430\IA #
#                            R_files\TX\Obj\setTimer34Period.r51"              #
#                            "E:\study\zg projects\shm\SPP-BT\App_Ex\cc2430\IA #
#                            R_files\TX\Obj\spp.r51"                           #
#                            "E:\study\zg projects\shm\SPP-BT\App_Ex\cc2430\IA #
#                            R_files\TX\Obj\timer4AdmClear.r51"                #
#                            "E:\study\zg projects\shm\SPP-BT\App_Ex\cc2430\IA #
#                            R_files\TX\Obj\timer4AdmInit.r51"                 #
#                            "E:\study\zg projects\shm\SPP-BT\App_Ex\cc2430\IA #
#                            R_files\TX\Obj\timer4AdmReset.r51"                #
#                            "E:\study\zg projects\shm\SPP-BT\App_Ex\cc2430\IA #
#                            R_files\TX\Obj\timer4AdmSet.r51"                  #
#                            "E:\study\zg projects\shm\SPP-BT\App_Ex\cc2430\IA #
#                            R_files\TX\Obj\wait.r51"                          #
#                            -o                                                #
#                            "E:\study\zg projects\shm\SPP-BT\App_Ex\cc2430\IA #
#                            R_files\TX\Exe\appEx_cc2430.hex"                  #
#                            -l                                                #
#                            "E:\study\zg projects\shm\SPP-BT\App_Ex\cc2430\IA #
#                            R_files\TX\List\appEx_cc2430.map"                 #
#                            -xmsnio                                           #
#                            "-ID:\Program Files\IAR Systems\Embedded Workbenc #
#                            h 4.0 Evaluation version\8051\LIB\"               #
#                            -f "E:\study\zg projects\shm\xcl\SPP-BT001.xcl"   #
#                            (-D_IDATA_END=0xFF -D_PDATA_START=0xEF00          #
#                            -D_PDATA_END=0xEFFF -D_IXDATA_START=0xF000        #
#                            -D_IXDATA_END=FD55 -D_XDATA_START=_IXDATA_START   #
#                            -D_XDATA_END=_IXDATA_END                          #
#                            -D_NEAR_CODE_END=0x7FFF -D_TINY_CODE_END=0x7FF    #
#                            -D_CODE_START=0x0000 -D_CODE_END=0x1FFF           #
#                            -D_BANK1A=(10000+_CODE_END+1)                     #
#                            -D_ZIGNV_START=0x3E000 -D_ZIGNV_SIZE=0x1000       #
#                            -D_ZIGNV_END=(_ZIGNV_START+_ZIGNV_SIZE-1)         #
#                            -D?REGISTER_BANK=0 -D_REGISTER_BANK_START=0       #
#                            -D_FIRST_BANK_ADDR=0x10000 -D_NR_OF_BANKS=0x03    #
#                            -D?PBANK_NUMBER=EF -D?PBANK=93                    #
#                            -D_BREG_START=0x00 -D?VB=0x20                     #
#                            -D_FAR_DATA_NR_OF_BANKS=0x0E                      #
#                            -D_FAR_DATA_START=0x010001                        #
#                            -D_FAR_DATA_END=0xFFFFFF                          #
#                            -D_FAR_CODE_START=_CODE_START                     #
#                            -D_FAR_CODE_END=_CODE_END                         #
#                            -D_PM0_XDATA_START=E000 -D_PM0_XDATA_END=EFFF     #
#                            -Z(XDATA)PM0_XDATA=_PM0_XDATA_START-_PM0_XDATA_EN #
#                            D                                                 #
#                            -Z(BIT)BREG=_BREG_START -Z(BIT)BIT_N=0-7F         #
#                            -Z(DATA)REGISTERS+8=_REGISTER_BANK_START          #
#                            -Z(DATA)BDATA_Z,BDATA_N,BDATA_I=20-2F             #
#                            -Z(DATA)VREG+_NR_OF_VIRTUAL_REGISTERS=08-7F       #
#                            -Z(DATA)PSP,XSP=08-7F -Z(DATA)DOVERLAY=08-7F      #
#                            -Z(DATA)DATA_I,DATA_Z,DATA_N=08-7F                #
#                            -U(IDATA)0-7F=(DATA)0-7F                          #
#                            -Z(IDATA)IDATA_I,IDATA_Z,IDATA_N=08-_IDATA_END    #
#                            -Z(IDATA)ISTACK+_IDATA_STACK_SIZE#08-_IDATA_END   #
#                            -Z(IDATA)IOVERLAY=08-FF -Z(CODE)INTVEC=0          #
#                            -Z(CODE)CSTART=_CODE_START-_CODE_END              #
#                            -Z(CODE)RCODE=_CODE_START-_CODE_END               #
#                            -Z(CODE)TINY_CODE=_CODE_START-_TINY_CODE_END      #
#                            -Z(CODE)NEAR_CODE=_CODE_START-_NEAR_CODE_END      #
#                            -Z(CODE)DIFUNCT=_CODE_START-_CODE_END             #
#                            -Z(CODE)FAR_CODE=_CODE_START-_CODE_END            #
#                            -Z(CODE)BANK_RELAYS=_CODE_START-_CODE_END         #
#                            -P(CODE)BANKED_CODE=_BANK1_START-_BANK1_END,_BANK #
#                            2_START-_BANK2_END,_BANK3_START-_BANK3_END,_BANK3 #
#                            b_START-_BANK3b_END                               #
#                            -Z(CODE)BIT_ID,BDATA_ID,DATA_ID,IDATA_ID,IXDATA_I #
#                            D,PDATA_ID,XDATA_ID=_CODE_START-_CODE_END         #
#                            -Z(CODE)HUGE_ID=_FAR_CODE_START-_FAR_CODE_END     #
#                            -Z(CODE)CODE_C=_CODE_START-_CODE_END              #
#                            -Z(CODE)FAR_CODE_C=_FAR_CODE_START-_FAR_CODE_END  #
#                            -Z(CODE)HUGE_CODE_C=_FAR_CODE_START-_FAR_CODE_END #
#                            -Z(CODE)CHECKSUM#_CODE_END                        #
#                            -Z(XDATA)EXT_STACK+_EXTENDED_STACK_SIZE=_EXTENDED #
#                            _STACK_START-_EXTENDED_STACK_END                  #
#                            -Z(XDATA)PSTACK+_PDATA_STACK_SIZE=_PDATA_START-_P #
#                            DATA_END                                          #
#                            -Z(XDATA)XSTACK+_XDATA_STACK_SIZE=_XDATA_START-_X #
#                            DATA_END                                          #
#                            -Z(XDATA)PDATA_N,PDATA_Z,PDATA_I=_PDATA_START-_PD #
#                            ATA_END                                           #
#                            -Z(XDATA)IXDATA_N,IXDATA_Z,IXDATA_I=_IXDATA_START #
#                            -_IXDATA_END                                      #
#                            -Z(XDATA)XDATA_N,XDATA_Z,XDATA_I=_XDATA_START-_XD #
#                            ATA_END                                           #
#                            -Z(XDATA)XDATA_HEAP+_XDATA_HEAP_SIZE=_XDATA_START #
#                            -_XDATA_END                                       #
#                            -Z(CONST)XDATA_ROM_C=_XDATA_START-_XDATA_END      #
#                            -Z(SPLIT-XDATA)FAR_Z=[_FAR_DATA_START-_FAR_DATA_E #
#                            ND]/10000                                         #
#                            -Z(SPLIT-XDATA)FAR_I=[_FAR_DATA_START-_FAR_DATA_E #
#                            ND]/10000                                         #
#                            -Z(SPLIT-CODE)FAR_ID=[_FAR_CODE_START-_FAR_CODE_E #
#                            ND]/10000                                         #
#                            -Z(SPLIT-XDATA)FAR_HEAP+_FAR_HEAP_SIZE=[_FAR_DATA #
#                            _START-_FAR_DATA_END]/10000                       #
#                            -P(XDATA)FAR_N=[_FAR_DATA_START-_FAR_DATA_END]*_F #
#                            AR_DATA_NR_OF_BANKS+10000                         #
#                            -P(CONST)FAR_ROM_C=[_FAR_DATA_START-_FAR_DATA_END #
#                            ]*E+10000                                         #
#                            -Z(XDATA)HUGE_N,HUGE_Z,HUGE_I=_FAR_DATA_START-_FA #
#                            R_DATA_END                                        #
#                            -Z(XDATA)HUGE_HEAP+_HUGE_HEAP_SIZE=_FAR_DATA_STAR #
#                            T-_FAR_DATA_END                                   #
#                            -Z(CONST)HUGE_ROM_C=_FAR_DATA_START-_FAR_DATA_END #
#                            -cx51 -D_BANK1_START=_BANK1A                      #
#                            -D_BANK1_END=0x1FFFF -D_BANK2_START=0x28000       #
#                            -D_BANK2_END=0x2FFFF -D_BANK3_START=0x38000       #
#                            -D_BANK3_END=0x3DFFF                              #
#                            -D_BANK3b_START=(_ZIGNV_END+1)                    #
#                            -D_BANK3b_END=0x3FFF7                             #
#                            -P(CODE)BANK1=_BANK1_START-_BANK1_END             #
#                            -P(CODE)BANK2=_BANK2_START-_BANK2_END             #
#                            -P(CODE)BANK3=_BANK3_START-_BANK3_END             #
#                            -P(CODE)ZIGNV=_ZIGNV_START-_ZIGNV_END             #
#                            -P(CODE)BANK3b=_BANK3b_START-_BANK3b_END          #
#                            -D_IEEE_ADDR_START=0x3FFF8                        #
#                            -D_IEEE_ADDR_END=0x3FFFF)                         #
#                            -D_NR_OF_VIRTUAL_REGISTERS=8 -D?DPL1=0x84         #
#                            -D?DPH1=0x85 -D_CODEBANK_START=0                  #
#                            -D_CODEBANK_END=0                                 #
#                            -e_small_write=_formatted_write                   #
#                            -e_medium_read=_formatted_read -rt -s             #
#                            __program_start                                   #
#                            "D:\Program Files\IAR Systems\Embedded Workbench  #
#                            4.0 Evaluation version\8051\LIB\CLIB\cl-pli-nlxd- #
#                            1e16x01.r51"                                      #
#                            -D_IDATA_STACK_SIZE=0x40                          #
#                            -D_EXTENDED_STACK_START=0x00                      #
#                            -D_EXTENDED_STACK_END=0x00                        #
#                            -D_EXTENDED_STACK_SIZE=0x00                       #
#                            -D_PDATA_STACK_SIZE=0x80                          #
#                            -D_XDATA_STACK_SIZE=0x1FF                         #
#                            -D_XDATA_HEAP_SIZE=0xFF -D_FAR_HEAP_SIZE=0xFFF    #
#                            -D_HUGE_HEAP_SIZE=0xFFF                           #
#                                                                              #
#                        Copyright 1987-2007 IAR Systems. All rights reserved. #
################################################################################





                ****************************************
                *                                      *
                *           CROSS REFERENCE            *
                *                                      *
                ****************************************

       Program entry at : CODE      00000104  Relocatable, from module : CSTARTUP




                ****************************************
                *                                      *
                *            RUNTIME MODEL             *
                *                                      *
                ****************************************

  __calling_convention     = xdata_reentrant
  __code_model             = near
  __core                   = plain
  __data_model             = large
  __dptr_size              = 16
  __extended_stack         = disabled
  __location_for_constants = data
  __number_of_dptrs        = 1
  __rt_version             = 1



                ****************************************
                *                                      *
                *              MODULE MAP              *
                *                                      *
                ****************************************


  DEFINED ABSOLUTE ENTRIES
    *************************************************************************

  DEFINED ABSOLUTE ENTRIES
  PROGRAM MODULE, NAME : ?ABS_ENTRY_MOD

Absolute parts
           ENTRY                   ADDRESS         REF BY
           =====                   =======         ======
           _HUGE_HEAP_SIZE         00000FFF 
           _FAR_HEAP_SIZE          00000FFF 
           _XDATA_HEAP_SIZE        000000FF 
           _XDATA_STACK_SIZE       000001FF 
           _PDATA_STACK_SIZE       00000080 
           _EXTENDED_STACK_SIZE    00000000 
           _EXTENDED_STACK_END     00000000 
           _EXTENDED_STACK_START   00000000 
           _IDATA_STACK_SIZE       00000040 
           _CODEBANK_END           00000000 
           _CODEBANK_START         00000000 
           ?DPH1                   00000085 
           ?DPL1                   00000084 
           _NR_OF_VIRTUAL_REGISTERS
                                   00000008 
           _IEEE_ADDR_END          0003FFFF 
           _IEEE_ADDR_START        0003FFF8 
           _BANK3b_END             0003FFF7 
           _BANK3b_START           0003F000 
           _BANK3_END              0003DFFF 
           _BANK3_START            00038000 
           _BANK2_END              0002FFFF 
           _BANK2_START            00028000 
           _BANK1_END              0001FFFF 
           _BANK1_START            00012000 
           _PM0_XDATA_END          0000EFFF 
           _PM0_XDATA_START        0000E000 
           _FAR_CODE_END           00001FFF 
           _FAR_CODE_START         00000000 
           _FAR_DATA_END           00FFFFFF 
           _FAR_DATA_START         00010001 
           _FAR_DATA_NR_OF_BANKS   0000000E 
           ?VB                     00000020        ?FUNC_ENTER_XDATA (?FUNC_ENTER_XDATA)
                                                   ?FUNC_LEAVE_XDATA (?FUNC_LEAVE_XDATA)
                                                   ?INTERRUPT_ENTER_XSP (?INTERRUPT_ENTER_XSP)
                                                   ?INTERRUPT_LEAVE_XSP (?INTERRUPT_LEAVE_XSP)
           _BREG_START             00000000 
           ?PBANK                  00000093 
           ?PBANK_NUMBER           000000EF 
           _NR_OF_BANKS            00000003 
           _FIRST_BANK_ADDR        00010000 
           _REGISTER_BANK_START    00000000 
           ?REGISTER_BANK          00000000        Segment part 6 (CSTARTUP)
           _ZIGNV_END              0003EFFF 
           _ZIGNV_SIZE             00001000 
           _ZIGNV_START            0003E000 
           _BANK1A                 00012000 
           _CODE_END               00001FFF 
           _CODE_START             00000000 
           _TINY_CODE_END          000007FF 
           _NEAR_CODE_END          00007FFF 
           _XDATA_END              0000FD55 
           _XDATA_START            0000F000 
           _IXDATA_END             0000FD55 
           _IXDATA_START           0000F000 
           _PDATA_END              0000EFFF 
           _PDATA_START            0000EF00 
           _IDATA_END              000000FF 
    *************************************************************************

  FILE NAME : E:\study\zg projects\shm\SPP-BT\App_Ex\cc2430\IAR_files\TX\Obj\adcSampleSingle.r51
  PROGRAM MODULE, NAME : adcSampleSingle

  SEGMENTS IN THE MODULE
  ======================
SFR_AN
  Segment part 1. NOT NEEDED.
           ENTRY                   ADDRESS         REF BY
           =====                   =======         ======
           ADCCON1                 
    -------------------------------------------------------------------------
SFR_AN
  Segment part 2. NOT NEEDED.
           ENTRY                   ADDRESS         REF BY
           =====                   =======         ======
           ADCCON3                 
    -------------------------------------------------------------------------
SFR_AN
  Segment part 3. NOT NEEDED.
           ENTRY                   ADDRESS         REF BY
           =====                   =======         ======
           ADCL                    
    -------------------------------------------------------------------------
SFR_AN
  Segment part 4. NOT NEEDED.
           ENTRY                   ADDRESS         REF BY
           =====                   =======         ======
           ADCH                    
    -------------------------------------------------------------------------
SFR_AN
  Segment part 5. NOT NEEDED.
           ENTRY                   ADDRESS         REF BY
           =====                   =======         ======
           ADCCFG                  
    -------------------------------------------------------------------------
NEAR_CODE
  Segment part 11. NOT NEEDED.
           ENTRY                   ADDRESS         REF BY
           =====                   =======         ======
           halAdcSampleSingle      
               is not allocated
    -------------------------------------------------------------------------
ISTACK
  Segment part 6. NOT NEEDED.
    -------------------------------------------------------------------------
PSTACK
  Segment part 7. NOT NEEDED.
    -------------------------------------------------------------------------
XSTACK
  Segment part 8. NOT NEEDED.
    -------------------------------------------------------------------------
IOVERLAY
  Segment part 9. NOT NEEDED.
    -------------------------------------------------------------------------
DOVERLAY
  Segment part 10. NOT NEEDED.

    *************************************************************************

  FILE NAME : E:\study\zg projects\shm\SPP-BT\App_Ex\cc2430\IAR_files\TX\Obj\app_ex_interrupt.r51
  PROGRAM MODULE, NAME : app_ex_interrupt

  SEGMENTS IN THE MODULE
  ======================
NEAR_CODE
  Segment part 19. NOT NEEDED.
           ENTRY                   ADDRESS         REF BY
           =====                   =======         ======
           dummyInterrupt          
               is not allocated
    -------------------------------------------------------------------------
XDATA_Z
  Relative segment, address: XDATA 0000F1FF - 0000F222 (0x24 bytes), align: 0
  Segment part 18.            Intra module refs:   ADC_IRQ
                                                   ENC_IRQ
                                                   P0INT_IRQ
                                                   P2INT_IRQ
                                                   ST_IRQ
                                                   T1_IRQ
                                                   T2_IRQ
                                                   T3_IRQ
                                                   URX1_IRQ
                                                   UTX0_IRQ
                                                   UTX1_IRQ
                                                   WDT_IRQ
           ENTRY                   ADDRESS         REF BY
           =====                   =======         ======
           interrupts              0000F1FF 
    -------------------------------------------------------------------------
NEAR_CODE
  Relative segment, address: CODE 000003F1 - 000003FC (0xc bytes), align: 0
  Segment part 20.            Intra module refs:   ADC_IRQ::??INTVEC 11
           ENTRY                   ADDRESS         REF BY
           =====                   =======         ======
           ADC_IRQ                 000003F1 
               interrupt function
               stack 1 = 00000000 ( 00000000 )
               stack 2 = 00000000 ( 0000000F )
    -------------------------------------------------------------------------
NEAR_CODE
  Relative segment, address: CODE 000003FD - 00000408 (0xc bytes), align: 0
  Segment part 21.            Intra module refs:   URX1_IRQ::??INTVEC 27
           ENTRY                   ADDRESS         REF BY
           =====                   =======         ======
           URX1_IRQ                000003FD 
               interrupt function
               stack 1 = 00000000 ( 00000000 )
               stack 2 = 00000000 ( 0000000F )
    -------------------------------------------------------------------------
NEAR_CODE
  Relative segment, address: CODE 00000409 - 00000414 (0xc bytes), align: 0
  Segment part 22.            Intra module refs:   ENC_IRQ::??INTVEC 35
           ENTRY                   ADDRESS         REF BY
           =====                   =======         ======
           ENC_IRQ                 00000409 
               interrupt function
               stack 1 = 00000000 ( 00000000 )
               stack 2 = 00000000 ( 0000000F )
    -------------------------------------------------------------------------
NEAR_CODE
  Relative segment, address: CODE 00000415 - 00000420 (0xc bytes), align: 0
  Segment part 23.            Intra module refs:   ST_IRQ::??INTVEC 43
           ENTRY                   ADDRESS         REF BY
           =====                   =======         ======
           ST_IRQ                  00000415 
               interrupt function
               stack 1 = 00000000 ( 00000000 )
               stack 2 = 00000000 ( 0000000F )
    -------------------------------------------------------------------------
NEAR_CODE
  Relative segment, address: CODE 00000421 - 0000042C (0xc bytes), align: 0
  Segment part 24.            Intra module refs:   P2INT_IRQ::??INTVEC 51
           ENTRY                   ADDRESS         REF BY
           =====                   =======         ======
           P2INT_IRQ               00000421 
               interrupt function
               stack 1 = 00000000 ( 00000000 )
               stack 2 = 00000000 ( 0000000F )
    -------------------------------------------------------------------------
NEAR_CODE
  Relative segment, address: CODE 0000042D - 00000438 (0xc bytes), align: 0
  Segment part 25.            Intra module refs:   UTX0_IRQ::??INTVEC 59
           ENTRY                   ADDRESS         REF BY
           =====                   =======         ======
           UTX0_IRQ                0000042D 
               interrupt function
               stack 1 = 00000000 ( 00000000 )
               stack 2 = 00000000 ( 0000000F )
    -------------------------------------------------------------------------
NEAR_CODE
  Relative segment, address: CODE 00000439 - 00000442 (0xa bytes), align: 0
  Segment part 26.            Intra module refs:   T1_IRQ::??INTVEC 75
           ENTRY                   ADDRESS         REF BY
           =====                   =======         ======
           T1_IRQ                  00000439 
               interrupt function
               stack 1 = 00000000 ( 00000000 )
               stack 2 = 00000000 ( 0000000F )
    -------------------------------------------------------------------------
NEAR_CODE
  Relative segment, address: CODE 00000443 - 0000044D (0xb bytes), align: 0
  Segment part 27.            Intra module refs:   ADC_IRQ
                                                   ENC_IRQ
                                                   P0INT_IRQ
                                                   P2INT_IRQ
                                                   ST_IRQ
                                                   T1_IRQ
                                                   T2_IRQ
                                                   T3_IRQ
                                                   URX1_IRQ
                                                   UTX0_IRQ
                                                   UTX1_IRQ
                                                   WDT_IRQ
           LOCAL                   ADDRESS         
           =====                   =======         
           ?Subroutine1            00000443 
    -------------------------------------------------------------------------
NEAR_CODE
  Relative segment, address: CODE 0000044E - 00000456 (0x9 bytes), align: 0
  Segment part 28.            Intra module refs:   ?Subroutine1
           LOCAL                   ADDRESS         
           =====                   =======         
           ?Subroutine0            0000044E 
    -------------------------------------------------------------------------
NEAR_CODE
  Relative segment, address: CODE 00000457 - 00000462 (0xc bytes), align: 0
  Segment part 29.            Intra module refs:   T2_IRQ::??INTVEC 83
           ENTRY                   ADDRESS         REF BY
           =====                   =======         ======
           T2_IRQ                  00000457 
               interrupt function
               stack 1 = 00000000 ( 00000000 )
               stack 2 = 00000000 ( 0000000F )
    -------------------------------------------------------------------------
NEAR_CODE
  Relative segment, address: CODE 00000463 - 0000046E (0xc bytes), align: 0
  Segment part 30.            Intra module refs:   T3_IRQ::??INTVEC 91
           ENTRY                   ADDRESS         REF BY
           =====                   =======         ======
           T3_IRQ                  00000463 
               interrupt function
               stack 1 = 00000000 ( 00000000 )
               stack 2 = 00000000 ( 0000000F )
    -------------------------------------------------------------------------
NEAR_CODE
  Relative segment, address: CODE 0000046F - 0000047A (0xc bytes), align: 0
  Segment part 31.            Intra module refs:   P0INT_IRQ::??INTVEC 107
           ENTRY                   ADDRESS         REF BY
           =====                   =======         ======
           P0INT_IRQ               0000046F 
               interrupt function
               stack 1 = 00000000 ( 00000000 )
               stack 2 = 00000000 ( 0000000F )
    -------------------------------------------------------------------------
NEAR_CODE
  Relative segment, address: CODE 0000047B - 00000486 (0xc bytes), align: 0
  Segment part 32.            Intra module refs:   UTX1_IRQ::??INTVEC 115
           ENTRY                   ADDRESS         REF BY
           =====                   =======         ======
           UTX1_IRQ                0000047B 
               interrupt function
               stack 1 = 00000000 ( 00000000 )
               stack 2 = 00000000 ( 0000000F )
    -------------------------------------------------------------------------
NEAR_CODE
  Relative segment, address: CODE 00000487 - 00000492 (0xc bytes), align: 0
  Segment part 33.            Intra module refs:   WDT_IRQ::??INTVEC 139
           ENTRY                   ADDRESS         REF BY
           =====                   =======         ======
           WDT_IRQ                 00000487 
               interrupt function
               stack 1 = 00000000 ( 00000000 )
               stack 2 = 00000000 ( 0000000F )
    -------------------------------------------------------------------------
INTVEC
  Common segment, address: CODE 00000000 - 0000000D (0xe bytes), align: 0
  Segment part 1. ROOT.
           ENTRY                   ADDRESS         REF BY
           =====                   =======         ======
           ADC_IRQ::??INTVEC 11    0000000B 
    -------------------------------------------------------------------------
INTVEC
  Common segment, address: CODE 00000000 - 0000001D (0x1e bytes), align: 0
  Segment part 2. ROOT.
           ENTRY                   ADDRESS         REF BY
           =====                   =======         ======
           URX1_IRQ::??INTVEC 27   0000001B 
    -------------------------------------------------------------------------
INTVEC
  Common segment, address: CODE 00000000 - 00000025 (0x26 bytes), align: 0
  Segment part 3. ROOT.
           ENTRY                   ADDRESS         REF BY
           =====                   =======         ======
           ENC_IRQ::??INTVEC 35    00000023 
    -------------------------------------------------------------------------
INTVEC
  Common segment, address: CODE 00000000 - 0000002D (0x2e bytes), align: 0
  Segment part 4. ROOT.
           ENTRY                   ADDRESS         REF BY
           =====                   =======         ======
           ST_IRQ::??INTVEC 43     0000002B 
    -------------------------------------------------------------------------
INTVEC
  Common segment, address: CODE 00000000 - 00000035 (0x36 bytes), align: 0
  Segment part 5. ROOT.
           ENTRY                   ADDRESS         REF BY
           =====                   =======         ======
           P2INT_IRQ::??INTVEC 51
                                   00000033 
    -------------------------------------------------------------------------
INTVEC
  Common segment, address: CODE 00000000 - 0000003D (0x3e bytes), align: 0
  Segment part 6. ROOT.
           ENTRY                   ADDRESS         REF BY
           =====                   =======         ======
           UTX0_IRQ::??INTVEC 59   0000003B 
    -------------------------------------------------------------------------
INTVEC
  Common segment, address: CODE 00000000 - 0000004D (0x4e bytes), align: 0
  Segment part 7. ROOT.
           ENTRY                   ADDRESS         REF BY
           =====                   =======         ======
           T1_IRQ::??INTVEC 75     0000004B 
    -------------------------------------------------------------------------
INTVEC
  Common segment, address: CODE 00000000 - 00000055 (0x56 bytes), align: 0
  Segment part 8. ROOT.
           ENTRY                   ADDRESS         REF BY
           =====                   =======         ======
           T2_IRQ::??INTVEC 83     00000053 
    -------------------------------------------------------------------------
INTVEC
  Common segment, address: CODE 00000000 - 0000005D (0x5e bytes), align: 0
  Segment part 9. ROOT.
           ENTRY                   ADDRESS         REF BY
           =====                   =======         ======
           T3_IRQ::??INTVEC 91     0000005B 
    -------------------------------------------------------------------------
INTVEC
  Common segment, address: CODE 00000000 - 0000006D (0x6e bytes), align: 0
  Segment part 10. ROOT.
           ENTRY                   ADDRESS         REF BY
           =====                   =======         ======
           P0INT_IRQ::??INTVEC 107
                                   0000006B 
    -------------------------------------------------------------------------
INTVEC
  Common segment, address: CODE 00000000 - 00000075 (0x76 bytes), align: 0
  Segment part 11. ROOT.
           ENTRY                   ADDRESS         REF BY
           =====                   =======         ======
           UTX1_IRQ::??INTVEC 115
                                   00000073 
    -------------------------------------------------------------------------
INTVEC
  Common segment, address: CODE 00000000 - 0000008D (0x8e bytes), align: 0
  Segment part 12. ROOT.
           ENTRY                   ADDRESS         REF BY
           =====                   =======         ======
           WDT_IRQ::??INTVEC 139   0000008B 
    -------------------------------------------------------------------------
ISTACK
  Segment part 13. NOT NEEDED.
    -------------------------------------------------------------------------
PSTACK
  Segment part 14. NOT NEEDED.
    -------------------------------------------------------------------------
XSTACK
  Segment part 15. NOT NEEDED.
    -------------------------------------------------------------------------
IOVERLAY
  Segment part 16. NOT NEEDED.
    -------------------------------------------------------------------------
DOVERLAY
  Segment part 17. NOT NEEDED.

    *************************************************************************

  FILE NAME : E:\study\zg projects\shm\SPP-BT\App_Ex\cc2430\IAR_files\TX\Obj\app_ex_main.r51
  PROGRAM MODULE, NAME : app_ex_main

  SEGMENTS IN THE MODULE
  ======================
SFR_AN
  Relative segment, address: DATA 00000080 - 00000080 (0x1 bytes), align: 0
  Segment part 1.             Intra module refs:   main
           ENTRY                   ADDRESS         REF BY
           =====                   =======         ======
           _A_P0                   00000080 
    -------------------------------------------------------------------------
SFR_AN
  Relative segment, address: DATA 00000086 - 00000086 (0x1 bytes), align: 0
  Segment part 2.             Intra module refs:   initUART
           ENTRY                   ADDRESS         REF BY
           =====                   =======         ======
           U0CSR                   00000086 
    -------------------------------------------------------------------------
SFR_AN
  Relative segment, address: DATA 00000090 - 00000090 (0x1 bytes), align: 0
  Segment part 3.             Intra module refs:   contionuousMode (rf_test)
                                                   initRfTest (rf_test)
                                                   main
           ENTRY                   ADDRESS         REF BY
           =====                   =======         ======
           _A_P1                   00000090 
    -------------------------------------------------------------------------
SFR_AN
  Relative segment, address: DATA 000000BE - 000000BE (0x1 bytes), align: 0
  Segment part 4.             Intra module refs:   halRfConfig (rfConfig)
                                                   initUART
                                                   main
           ENTRY                   ADDRESS         REF BY
           =====                   =======         ======
           SLEEP                   000000BE 
    -------------------------------------------------------------------------
SFR_AN
  Relative segment, address: DATA 000000C2 - 000000C2 (0x1 bytes), align: 0
  Segment part 5.             Intra module refs:   initUART
           ENTRY                   ADDRESS         REF BY
           =====                   =======         ======
           U0BAUD                  000000C2 
    -------------------------------------------------------------------------
SFR_AN
  Relative segment, address: DATA 000000C4 - 000000C4 (0x1 bytes), align: 0
  Segment part 6.             Intra module refs:   initUART
           ENTRY                   ADDRESS         REF BY
           =====                   =======         ======
           U0UCR                   000000C4 
    -------------------------------------------------------------------------
SFR_AN
  Relative segment, address: DATA 000000C5 - 000000C5 (0x1 bytes), align: 0
  Segment part 7.             Intra module refs:   initUART
           ENTRY                   ADDRESS         REF BY
           =====                   =======         ======
           U0GCR                   000000C5 
    -------------------------------------------------------------------------
SFR_AN
  Relative segment, address: DATA 000000C6 - 000000C6 (0x1 bytes), align: 0
  Segment part 8.             Intra module refs:   halRfConfig (rfConfig)
                                                   halSetTimer34Period (setTimer34Period)
                                                   halWait (wait)
                                                   initUART
                                                   main
           ENTRY                   ADDRESS         REF BY
           =====                   =======         ======
           CLKCON                  000000C6 
    -------------------------------------------------------------------------
SFR_AN
  Relative segment, address: DATA 000000E8 - 000000E8 (0x1 bytes), align: 0
  Segment part 9.             Intra module refs:   P1_IRQ (timer4AdmInit)
                                                   culDmaInit (dmaInit)
                                                   culTimer4AdmInit (timer4AdmInit)
                                                   initUART
                                                   rf_error_IRQ (spp)
                                                   sppInit (spp)
                                                   sppSend (spp)
                                                   spp_rf_IRQ (spp)
           ENTRY                   ADDRESS         REF BY
           =====                   =======         ======
           _A_IRCON2               000000E8 
    -------------------------------------------------------------------------
SFR_AN
  Relative segment, address: DATA 000000F1 - 000000F1 (0x1 bytes), align: 0
  Segment part 10.            Intra module refs:   initUART
           ENTRY                   ADDRESS         REF BY
           =====                   =======         ======
           PERCFG                  000000F1 
    -------------------------------------------------------------------------
SFR_AN
  Relative segment, address: DATA 000000F3 - 000000F3 (0x1 bytes), align: 0
  Segment part 11.            Intra module refs:   initUART
           ENTRY                   ADDRESS         REF BY
           =====                   =======         ======
           P0SEL                   000000F3 
    -------------------------------------------------------------------------
SFR_AN
  Relative segment, address: DATA 000000F4 - 000000F4 (0x1 bytes), align: 0
  Segment part 12.            Intra module refs:   initRfTest (rf_test)
                                                   initUART
           ENTRY                   ADDRESS         REF BY
           =====                   =======         ======
           P1SEL                   000000F4 
    -------------------------------------------------------------------------
SFR_AN
  Relative segment, address: DATA 000000FD - 000000FD (0x1 bytes), align: 0
  Segment part 13.            Intra module refs:   main
           ENTRY                   ADDRESS         REF BY
           =====                   =======         ======
           P0DIR                   000000FD 
    -------------------------------------------------------------------------
SFR_AN
  Relative segment, address: DATA 000000FE - 000000FE (0x1 bytes), align: 0
  Segment part 14.            Intra module refs:   initRfTest (rf_test)
                                                   main
           ENTRY                   ADDRESS         REF BY
           =====                   =======         ======
           P1DIR                   000000FE 
    -------------------------------------------------------------------------
NEAR_CODE
  Relative segment, address: CODE 00000493 - 000004C9 (0x37 bytes), align: 0
  Segment part 20.            Intra module refs:   main
           ENTRY                   ADDRESS         REF BY
           =====                   =======         ======
           initUART                00000493 
    -------------------------------------------------------------------------
NEAR_CODE
  Relative segment, address: CODE 000004CA - 000004F4 (0x2b bytes), align: 0
  Segment part 21.
           ENTRY                   ADDRESS         REF BY
           =====                   =======         ======
           main                    000004CA        ?call_main (?cmain)
               calls direct
    -------------------------------------------------------------------------
NEAR_CODE
  Relative segment, address: CODE 000004F5 - 000004FE (0xa bytes), align: 0
  Segment part 22.            Intra module refs:   initUART
                                                   main
           LOCAL                   ADDRESS         
           =====                   =======         
           ?Subroutine0            000004F5 
    -------------------------------------------------------------------------
ISTACK
  Segment part 15. NOT NEEDED.
    -------------------------------------------------------------------------
PSTACK
  Segment part 16. NOT NEEDED.
    -------------------------------------------------------------------------
XSTACK
  Segment part 17. NOT NEEDED.
    -------------------------------------------------------------------------
IOVERLAY
  Segment part 18. NOT NEEDED.
    -------------------------------------------------------------------------
DOVERLAY
  Segment part 19. NOT NEEDED.

    *************************************************************************

  FILE NAME : E:\study\zg projects\shm\SPP-BT\App_Ex\cc2430\IAR_files\TX\Obj\dmaAllocChannel.r51
  PROGRAM MODULE, NAME : dmaAllocChannel

  SEGMENTS IN THE MODULE
  ======================
SFR_AN
  Relative segment, address: DATA 000000A8 - 000000A8 (0x1 bytes), align: 0
  Segment part 1.             Intra module refs:   P1_IRQ (timer4AdmInit)
                                                   culDmaAllocChannel
                                                   culDmaInit (dmaInit)
                                                   culTimer4AdmClear (timer4AdmClear)
                                                   culTimer4AdmInit (timer4AdmInit)
                                                   culTimer4AdmSet (timer4AdmSet)
                                                   dma_IRQ (dmaInit)
                                                   rf_error_IRQ (spp)
                                                   rf_test_main (rf_test)
                                                   sppInit (spp)
                                                   spp_rf_IRQ (spp)
           ENTRY                   ADDRESS         REF BY
           =====                   =======         ======
           _A_IEN0                 000000A8 
    -------------------------------------------------------------------------
SFR_AN
  Relative segment, address: DATA 000000D1 - 000000D1 (0x1 bytes), align: 0
  Segment part 2.             Intra module refs:   culDmaAllocChannel
                                                   culDmaInit (dmaInit)
                                                   dma_IRQ (dmaInit)
           ENTRY                   ADDRESS         REF BY
           =====                   =======         ======
           DMAIRQ                  000000D1 
    -------------------------------------------------------------------------
SFR_AN
  Relative segment, address: DATA 000000D6 - 000000D6 (0x1 bytes), align: 0
  Segment part 3.             Intra module refs:   culDmaAllocChannel
                                                   culDmaInit (dmaInit)
                                                   rf_error_IRQ (spp)
                                                   rxCallBack (spp)
                                                   sppInit (spp)
                                                   sppSend (spp)
                                                   spp_rf_IRQ (spp)
           ENTRY                   ADDRESS         REF BY
           =====                   =======         ======
           DMAARM                  000000D6 
    -------------------------------------------------------------------------
NEAR_CODE
  Relative segment, address: CODE 000004FF - 0000059F (0xa1 bytes), align: 0
  Segment part 9.
           ENTRY                   ADDRESS         REF BY
           =====                   =======         ======
           culDmaAllocChannel      000004FF        sppInit (spp)
               stack 1 = 00000000 ( 0000000A )
               stack 2 = 00000000 ( 00000001 )
    -------------------------------------------------------------------------
NEAR_CODE
  Relative segment, address: CODE 000005A0 - 000005AD (0xe bytes), align: 0
  Segment part 10.            Intra module refs:   culDmaAllocChannel
           LOCAL                   ADDRESS         
           =====                   =======         
           ?Subroutine0            000005A0 
    -------------------------------------------------------------------------
ISTACK
  Segment part 4. NOT NEEDED.
    -------------------------------------------------------------------------
PSTACK
  Segment part 5. NOT NEEDED.
    -------------------------------------------------------------------------
XSTACK
  Segment part 6. NOT NEEDED.
    -------------------------------------------------------------------------
IOVERLAY
  Segment part 7. NOT NEEDED.
    -------------------------------------------------------------------------
DOVERLAY
  Segment part 8. NOT NEEDED.

    *************************************************************************

  FILE NAME : E:\study\zg projects\shm\SPP-BT\App_Ex\cc2430\IAR_files\TX\Obj\dmaFreeChannel.r51
  PROGRAM MODULE, NAME : dmaFreeChannel

  SEGMENTS IN THE MODULE
  ======================
SFR_AN
  Segment part 1. TENTATIVE. Used definition from dmaAllocChannel
           ENTRY                   ADDRESS         REF BY
           =====                   =======         ======
           _A_IEN0                 
    -------------------------------------------------------------------------
SFR_AN
  Segment part 2. TENTATIVE. Used definition from dmaAllocChannel
           ENTRY                   ADDRESS         REF BY
           =====                   =======         ======
           DMAARM                  
    -------------------------------------------------------------------------
NEAR_CODE
  Segment part 8. NOT NEEDED.
           ENTRY                   ADDRESS         REF BY
           =====                   =======         ======
           culDmaFreeChannel       
               is not allocated
    -------------------------------------------------------------------------
ISTACK
  Segment part 3. NOT NEEDED.
    -------------------------------------------------------------------------
PSTACK
  Segment part 4. NOT NEEDED.
    -------------------------------------------------------------------------
XSTACK
  Segment part 5. NOT NEEDED.
    -------------------------------------------------------------------------
IOVERLAY
  Segment part 6. NOT NEEDED.
    -------------------------------------------------------------------------
DOVERLAY
  Segment part 7. NOT NEEDED.

    *************************************************************************

  FILE NAME : E:\study\zg projects\shm\SPP-BT\App_Ex\cc2430\IAR_files\TX\Obj\dmaFromRadio.r51
  PROGRAM MODULE, NAME : dmaFromRadio

  SEGMENTS IN THE MODULE
  ======================
NEAR_CODE
  Relative segment, address: CODE 000005AE - 00000612 (0x65 bytes), align: 0
  Segment part 6.
           ENTRY                   ADDRESS         REF BY
           =====                   =======         ======
           culDmaFromRadio         000005AE        sppInit (spp)
               stack 1 = 00000000 ( 00000008 )
               stack 2 = 00000000 ( 00000001 )
    -------------------------------------------------------------------------
ISTACK
  Segment part 1. NOT NEEDED.
    -------------------------------------------------------------------------
PSTACK
  Segment part 2. NOT NEEDED.
    -------------------------------------------------------------------------
XSTACK
  Segment part 3. NOT NEEDED.
    -------------------------------------------------------------------------
IOVERLAY
  Segment part 4. NOT NEEDED.
    -------------------------------------------------------------------------
DOVERLAY
  Segment part 5. NOT NEEDED.

    *************************************************************************

  FILE NAME : E:\study\zg projects\shm\SPP-BT\App_Ex\cc2430\IAR_files\TX\Obj\dmaInit.r51
  PROGRAM MODULE, NAME : dmaInit

  SEGMENTS IN THE MODULE
  ======================
SFR_AN
  Relative segment, address: DATA 00000088 - 00000088 (0x1 bytes), align: 0
  Segment part 1.             Intra module refs:   P1_IRQ (timer4AdmInit)
                                                   culDmaInit
                                                   culTimer4AdmInit (timer4AdmInit)
                                                   rf_error_IRQ (spp)
                                                   sppInit (spp)
                                                   sppSend (spp)
                                                   spp_rf_IRQ (spp)
           ENTRY                   ADDRESS         REF BY
           =====                   =======         ======
           _A_TCON                 00000088 
    -------------------------------------------------------------------------
SFR_AN
  Relative segment, address: DATA 00000098 - 00000098 (0x1 bytes), align: 0
  Segment part 2.             Intra module refs:   P1_IRQ (timer4AdmInit)
                                                   culDmaInit
                                                   culTimer4AdmInit (timer4AdmInit)
                                                   rf_error_IRQ (spp)
                                                   sppInit (spp)
                                                   sppSend (spp)
                                                   spp_rf_IRQ (spp)
           ENTRY                   ADDRESS         REF BY
           =====                   =======         ======
           _A_S0CON                00000098 
    -------------------------------------------------------------------------
SFR_AN
  Relative segment, address: DATA 0000009A - 0000009A (0x1 bytes), align: 0
  Segment part 3.             Intra module refs:   culDmaInit
                                                   culTimer4AdmInit (timer4AdmInit)
                                                   sppInit (spp)
           ENTRY                   ADDRESS         REF BY
           =====                   =======         ======
           IEN2                    0000009A 
    -------------------------------------------------------------------------
SFR_AN
  Relative segment, address: DATA 0000009B - 0000009B (0x1 bytes), align: 0
  Segment part 4.             Intra module refs:   P1_IRQ (timer4AdmInit)
                                                   culDmaInit
                                                   culTimer4AdmInit (timer4AdmInit)
                                                   rf_error_IRQ (spp)
                                                   sppInit (spp)
                                                   sppSend (spp)
                                                   spp_rf_IRQ (spp)
           ENTRY                   ADDRESS         REF BY
           =====                   =======         ======
           S1CON                   0000009B 
    -------------------------------------------------------------------------
SFR_AN
  Segment part 5. TENTATIVE. Used definition from dmaAllocChannel
           ENTRY                   ADDRESS         REF BY
           =====                   =======         ======
           _A_IEN0                 
    -------------------------------------------------------------------------
SFR_AN
  Relative segment, address: DATA 000000B8 - 000000B8 (0x1 bytes), align: 0
  Segment part 6.             Intra module refs:   culDmaInit
                                                   culTimer4AdmInit (timer4AdmInit)
                                                   sppInit (spp)
           ENTRY                   ADDRESS         REF BY
           =====                   =======         ======
           _A_IEN1                 000000B8 
    -------------------------------------------------------------------------
SFR_AN
  Relative segment, address: DATA 000000C0 - 000000C0 (0x1 bytes), align: 0
  Segment part 7.             Intra module refs:   P1_IRQ (timer4AdmInit)
                                                   culDmaInit
                                                   culTimer4AdmInit (timer4AdmInit)
                                                   dma_IRQ
                                                   rf_error_IRQ (spp)
                                                   sppInit (spp)
                                                   sppSend (spp)
                                                   spp_rf_IRQ (spp)
           ENTRY                   ADDRESS         REF BY
           =====                   =======         ======
           _A_IRCON                000000C0 
    -------------------------------------------------------------------------
SFR_AN
  Segment part 8. TENTATIVE. Used definition from dmaAllocChannel
           ENTRY                   ADDRESS         REF BY
           =====                   =======         ======
           DMAIRQ                  
    -------------------------------------------------------------------------
SFR_AN
  Relative segment, address: DATA 000000D2 - 000000D2 (0x1 bytes), align: 0
  Segment part 9.             Intra module refs:   culDmaInit
           ENTRY                   ADDRESS         REF BY
           =====                   =======         ======
           DMA1CFGL                000000D2 
    -------------------------------------------------------------------------
SFR_AN
  Relative segment, address: DATA 000000D3 - 000000D3 (0x1 bytes), align: 0
  Segment part 10.            Intra module refs:   culDmaInit
           ENTRY                   ADDRESS         REF BY
           =====                   =======         ======
           DMA1CFGH                000000D3 
    -------------------------------------------------------------------------
SFR_AN
  Segment part 11. TENTATIVE. Used definition from dmaAllocChannel
           ENTRY                   ADDRESS         REF BY
           =====                   =======         ======
           DMAARM                  
    -------------------------------------------------------------------------
SFR_AN
  Relative segment, address: DATA 000000D7 - 000000D7 (0x1 bytes), align: 0
  Segment part 12.            Intra module refs:   culDmaInit
                                                   sppSend (spp)
           ENTRY                   ADDRESS         REF BY
           =====                   =======         ======
           DMAREQ                  000000D7 
    -------------------------------------------------------------------------
SFR_AN
  Segment part 13. TENTATIVE. Used definition from app_ex_main
           ENTRY                   ADDRESS         REF BY
           =====                   =======         ======
           _A_IRCON2               
    -------------------------------------------------------------------------
XDATA_Z
  Relative segment, address: XDATA 0000F223 - 0000F242 (0x20 bytes), align: 0
  Segment part 20.            Intra module refs:   culDmaInit
           ENTRY                   ADDRESS         REF BY
           =====                   =======         ======
           dmaChannel1to4          0000F223        culDmaAllocChannel (dmaAllocChannel)
    -------------------------------------------------------------------------
XDATA_Z
  Relative segment, address: XDATA 0000F243 - 0000F251 (0xf bytes), align: 0
  Segment part 21.            Intra module refs:   culDmaInit
                                                   dma_IRQ
           ENTRY                   ADDRESS         REF BY
           =====                   =======         ======
           dmaTable                0000F243        ?Subroutine0 (dmaAllocChannel)
    -------------------------------------------------------------------------
NEAR_CODE
  Relative segment, address: CODE 00000613 - 00000675 (0x63 bytes), align: 0
  Segment part 22.
           ENTRY                   ADDRESS         REF BY
           =====                   =======         ======
           culDmaInit              00000613        sppInit (spp)
               calls direct
               stack 1 = 00000000 ( 0000000B )
    -------------------------------------------------------------------------
NEAR_CODE
  Segment part 23. NOT NEEDED.
           ENTRY                   ADDRESS         REF BY
           =====                   =======         ======
           culSetDmaChannel0CallBack
                                   
               is not allocated
    -------------------------------------------------------------------------
NEAR_CODE
  Segment part 24. NOT NEEDED.
    -------------------------------------------------------------------------
NEAR_CODE
  Segment part 25. NOT NEEDED.
           ENTRY                   ADDRESS         REF BY
           =====                   =======         ======
           culClearDmaChannel0CallBack
                                   
               is not allocated
    -------------------------------------------------------------------------
NEAR_CODE
  Relative segment, address: CODE 00000676 - 000006FF (0x8a bytes), align: 0
  Segment part 26.            Intra module refs:   dma_IRQ::??INTVEC 67
           ENTRY                   ADDRESS         REF BY
           =====                   =======         ======
           dma_IRQ                 00000676 
               interrupt function
               stack 1 = 00000000 ( 00000000 )
               stack 2 = 00000000 ( 0000000F )
    -------------------------------------------------------------------------
NEAR_CODE
  Relative segment, address: CODE 00000700 - 0000070B (0xc bytes), align: 0
  Segment part 27.            Intra module refs:   dma_IRQ
           LOCAL                   ADDRESS         
           =====                   =======         
           ?Subroutine0            00000700 
    -------------------------------------------------------------------------
INTVEC
  Common segment, address: CODE 00000000 - 00000045 (0x46 bytes), align: 0
  Segment part 14. ROOT.
           ENTRY                   ADDRESS         REF BY
           =====                   =======         ======
           dma_IRQ::??INTVEC 67    00000043 
    -------------------------------------------------------------------------
ISTACK
  Segment part 15. NOT NEEDED.
    -------------------------------------------------------------------------
PSTACK
  Segment part 16. NOT NEEDED.
    -------------------------------------------------------------------------
XSTACK
  Segment part 17. NOT NEEDED.
    -------------------------------------------------------------------------
IOVERLAY
  Segment part 18. NOT NEEDED.
    -------------------------------------------------------------------------
DOVERLAY
  Segment part 19. NOT NEEDED.

    *************************************************************************

  FILE NAME : E:\study\zg projects\shm\SPP-BT\App_Ex\cc2430\IAR_files\TX\Obj\dmaSetUpChannel.r51
  PROGRAM MODULE, NAME : dmaSetUpChannel

  SEGMENTS IN THE MODULE
  ======================
SFR_AN
  Segment part 1. TENTATIVE. Used definition from dmaAllocChannel
           ENTRY                   ADDRESS         REF BY
           =====                   =======         ======
           DMAARM                  
    -------------------------------------------------------------------------
SFR_AN
  Segment part 2. TENTATIVE. Used definition from dmaInit
           ENTRY                   ADDRESS         REF BY
           =====                   =======         ======
           DMAREQ                  
    -------------------------------------------------------------------------
NEAR_CODE
  Segment part 8. NOT NEEDED.
           ENTRY                   ADDRESS         REF BY
           =====                   =======         ======
           culDmaSetUpChannel      
               calls direct, is not allocated
    -------------------------------------------------------------------------
ISTACK
  Segment part 3. NOT NEEDED.
    -------------------------------------------------------------------------
PSTACK
  Segment part 4. NOT NEEDED.
    -------------------------------------------------------------------------
XSTACK
  Segment part 5. NOT NEEDED.
    -------------------------------------------------------------------------
IOVERLAY
  Segment part 6. NOT NEEDED.
    -------------------------------------------------------------------------
DOVERLAY
  Segment part 7. NOT NEEDED.

    *************************************************************************

  FILE NAME : E:\study\zg projects\shm\SPP-BT\App_Ex\cc2430\IAR_files\TX\Obj\dmaToRadio.r51
  PROGRAM MODULE, NAME : dmaToRadio

  SEGMENTS IN THE MODULE
  ======================
NEAR_CODE
  Relative segment, address: CODE 0000070C - 0000078F (0x84 bytes), align: 0
  Segment part 6.
           ENTRY                   ADDRESS         REF BY
           =====                   =======         ======
           culDmaToRadio           0000070C        sppInit (spp)
               stack 1 = 00000002 ( 00000009 )
               stack 2 = 00000000 ( 00000001 )
    -------------------------------------------------------------------------
ISTACK
  Segment part 1. NOT NEEDED.
    -------------------------------------------------------------------------
PSTACK
  Segment part 2. NOT NEEDED.
    -------------------------------------------------------------------------
XSTACK
  Segment part 3. NOT NEEDED.
    -------------------------------------------------------------------------
IOVERLAY
  Segment part 4. NOT NEEDED.
    -------------------------------------------------------------------------
DOVERLAY
  Segment part 5. NOT NEEDED.

    *************************************************************************

  FILE NAME : E:\study\zg projects\shm\SPP-BT\App_Ex\cc2430\IAR_files\TX\Obj\dmaToUart0.r51
  PROGRAM MODULE, NAME : dmaToUart0

  SEGMENTS IN THE MODULE
  ======================
NEAR_CODE
  Segment part 6. NOT NEEDED.
           ENTRY                   ADDRESS         REF BY
           =====                   =======         ======
           culDmaToUart0           
               is not allocated
    -------------------------------------------------------------------------
ISTACK
  Segment part 1. NOT NEEDED.
    -------------------------------------------------------------------------
PSTACK
  Segment part 2. NOT NEEDED.
    -------------------------------------------------------------------------
XSTACK
  Segment part 3. NOT NEEDED.
    -------------------------------------------------------------------------
IOVERLAY
  Segment part 4. NOT NEEDED.
    -------------------------------------------------------------------------
DOVERLAY
  Segment part 5. NOT NEEDED.

    *************************************************************************

  FILE NAME : E:\study\zg projects\shm\SPP-BT\App_Ex\cc2430\IAR_files\TX\Obj\putchar.r51
  PROGRAM MODULE, NAME : putchar

  SEGMENTS IN THE MODULE
  ======================
SFR_AN
  Segment part 1. NOT NEEDED.
           ENTRY                   ADDRESS         REF BY
           =====                   =======         ======
           U0DBUF                  
    -------------------------------------------------------------------------
SFR_AN
  Segment part 2. TENTATIVE. Used definition from app_ex_main
           ENTRY                   ADDRESS         REF BY
           =====                   =======         ======
           _A_IRCON2               
    -------------------------------------------------------------------------
NEAR_CODE
  Segment part 8. NOT NEEDED.
           ENTRY                   ADDRESS         REF BY
           =====                   =======         ======
           putchar                 
               is not allocated
    -------------------------------------------------------------------------
ISTACK
  Segment part 3. NOT NEEDED.
    -------------------------------------------------------------------------
PSTACK
  Segment part 4. NOT NEEDED.
    -------------------------------------------------------------------------
XSTACK
  Segment part 5. NOT NEEDED.
    -------------------------------------------------------------------------
IOVERLAY
  Segment part 6. NOT NEEDED.
    -------------------------------------------------------------------------
DOVERLAY
  Segment part 7. NOT NEEDED.

    *************************************************************************

  FILE NAME : E:\study\zg projects\shm\SPP-BT\App_Ex\cc2430\IAR_files\TX\Obj\radio.r51
  PROGRAM MODULE, NAME : radio

  SEGMENTS IN THE MODULE
  ======================
SFR_AN
  Relative segment, address: DATA 000000E1 - 000000E1 (0x1 bytes), align: 0
  Segment part 1.             Intra module refs:   rf_error_IRQ (spp)
                                                   rxCallBack (spp)
                                                   sendAck (spp)
                                                   sppInit (spp)
                                                   sppSend (spp)
           ENTRY                   ADDRESS         REF BY
           =====                   =======         ======
           RFST                    000000E1 
    -------------------------------------------------------------------------
PM0_XDATA
  Segment part 7. NOT NEEDED.
           ENTRY                   ADDRESS         REF BY
           =====                   =======         ======
           rxData                  
    -------------------------------------------------------------------------
PM0_XDATA
  Relative segment, address: XDATA 0000E000 - 0000E004 (0x5 bytes), align: 0
  Segment part 8.             Intra module refs:   radioSend
           ENTRY                   ADDRESS         REF BY
           =====                   =======         ======
           txData                  0000E000 
    -------------------------------------------------------------------------
NEAR_CODE
  Relative segment, address: CODE 00000790 - 0000079C (0xd bytes), align: 0
  Segment part 9.
           ENTRY                   ADDRESS         REF BY
           =====                   =======         ======
           radioInit               00000790        initRfTest (rf_test)
               calls direct
               stack 1 = 00000000 ( 0000000B )
    -------------------------------------------------------------------------
NEAR_CODE
  Relative segment, address: CODE 0000079D - 0000084D (0xb1 bytes), align: 0
  Segment part 10.
           ENTRY                   ADDRESS         REF BY
           =====                   =======         ======
           radioSend               0000079D        contionuousMode (rf_test)
               calls direct
               stack 1 = 00000001 ( 0000000D )
    -------------------------------------------------------------------------
NEAR_CODE
  Segment part 11. NOT NEEDED.
           ENTRY                   ADDRESS         REF BY
           =====                   =======         ======
           radioReceive            
               calls direct, is not allocated
    -------------------------------------------------------------------------
ISTACK
  Segment part 2. NOT NEEDED.
    -------------------------------------------------------------------------
PSTACK
  Segment part 3. NOT NEEDED.
    -------------------------------------------------------------------------
XSTACK
  Segment part 4. NOT NEEDED.
    -------------------------------------------------------------------------
IOVERLAY
  Segment part 5. NOT NEEDED.
    -------------------------------------------------------------------------
DOVERLAY
  Segment part 6. NOT NEEDED.

    *************************************************************************

  FILE NAME : E:\study\zg projects\shm\SPP-BT\App_Ex\cc2430\IAR_files\TX\Obj\rfConfig.r51
  PROGRAM MODULE, NAME : rfConfig

  SEGMENTS IN THE MODULE
  ======================
SFR_AN
  Segment part 1. TENTATIVE. Used definition from app_ex_main
           ENTRY                   ADDRESS         REF BY
           =====                   =======         ======
           SLEEP                   
    -------------------------------------------------------------------------
SFR_AN
  Segment part 2. TENTATIVE. Used definition from app_ex_main
           ENTRY                   ADDRESS         REF BY
           =====                   =======         ======
           CLKCON                  
    -------------------------------------------------------------------------
NEAR_CODE
  Relative segment, address: CODE 0000084E - 000008B1 (0x64 bytes), align: 0
  Segment part 10.
           ENTRY                   ADDRESS         REF BY
           =====                   =======         ======
           halRfConfig             0000084E        sppInit (spp)
               calls direct
               stack 1 = 00000000 ( 0000000F )
    -------------------------------------------------------------------------
ISTACK
  Segment part 3. NOT NEEDED.
    -------------------------------------------------------------------------
PSTACK
  Segment part 4. NOT NEEDED.
    -------------------------------------------------------------------------
XSTACK
  Segment part 5. NOT NEEDED.
    -------------------------------------------------------------------------
IOVERLAY
  Segment part 6. NOT NEEDED.
    -------------------------------------------------------------------------
DOVERLAY
  Segment part 7. NOT NEEDED.
    -------------------------------------------------------------------------
XDATA_I
  Relative segment, address: XDATA 0000F277 - 0000F27A (0x4 bytes), align: 0
  Segment part 8.             Intra module refs:   halRfConfig
           ENTRY                   ADDRESS         REF BY
           =====                   =======         ======
           __Constant_1f3c19       0000F277 
    -------------------------------------------------------------------------
XDATA_ID
  Relative segment, address: CODE 00001233 - 00001236 (0x4 bytes), align: 0
  Segment part 9.             Intra module refs:   __Constant_1f3c19

    *************************************************************************

  FILE NAME : E:\study\zg projects\shm\SPP-BT\App_Ex\cc2430\IAR_files\TX\Obj\rfReceivePacket.r51
  PROGRAM MODULE, NAME : rfReceivePacket

  SEGMENTS IN THE MODULE
  ======================
SFR_AN
  Relative segment, address: DATA 000000D9 - 000000D9 (0x1 bytes), align: 0
  Segment part 1.             Intra module refs:   sendAck (spp)
                                                   sppSend (spp)
           ENTRY                   ADDRESS         REF BY
           =====                   =======         ======
           RFD                     000000D9 
    -------------------------------------------------------------------------
SFR_AN
  Segment part 2. TENTATIVE. Used definition from radio
           ENTRY                   ADDRESS         REF BY
           =====                   =======         ======
           RFST                    
    -------------------------------------------------------------------------
SFR_AN
  Relative segment, address: DATA 000000E9 - 000000E9 (0x1 bytes), align: 0
  Segment part 3.             Intra module refs:   sendAck (spp)
                                                   sppInit (spp)
                                                   sppSend (spp)
                                                   spp_rf_IRQ (spp)
           ENTRY                   ADDRESS         REF BY
           =====                   =======         ======
           RFIF                    000000E9 
    -------------------------------------------------------------------------
XDATA_Z
  Segment part 9. NOT NEEDED.
           ENTRY                   ADDRESS         REF BY
           =====                   =======         ======
           length                  
    -------------------------------------------------------------------------
NEAR_CODE
  Segment part 10. NOT NEEDED.
           ENTRY                   ADDRESS         REF BY
           =====                   =======         ======
           halRfReceivePacket      
               calls direct, is not allocated
    -------------------------------------------------------------------------
ISTACK
  Segment part 4. NOT NEEDED.
    -------------------------------------------------------------------------
PSTACK
  Segment part 5. NOT NEEDED.
    -------------------------------------------------------------------------
XSTACK
  Segment part 6. NOT NEEDED.
    -------------------------------------------------------------------------
IOVERLAY
  Segment part 7. NOT NEEDED.
    -------------------------------------------------------------------------
DOVERLAY
  Segment part 8. NOT NEEDED.

    *************************************************************************

  FILE NAME : E:\study\zg projects\shm\SPP-BT\App_Ex\cc2430\IAR_files\TX\Obj\rfSendPacket.r51
  PROGRAM MODULE, NAME : rfSendPacket

  SEGMENTS IN THE MODULE
  ======================
SFR_AN
  Segment part 1. TENTATIVE. Used definition from rfReceivePacket
           ENTRY                   ADDRESS         REF BY
           =====                   =======         ======
           RFD                     
    -------------------------------------------------------------------------
SFR_AN
  Segment part 2. TENTATIVE. Used definition from radio
           ENTRY                   ADDRESS         REF BY
           =====                   =======         ======
           RFST                    
    -------------------------------------------------------------------------
SFR_AN
  Segment part 3. TENTATIVE. Used definition from rfReceivePacket
           ENTRY                   ADDRESS         REF BY
           =====                   =======         ======
           RFIF                    
    -------------------------------------------------------------------------
NEAR_CODE
  Segment part 9. NOT NEEDED.
           ENTRY                   ADDRESS         REF BY
           =====                   =======         ======
           halRfSendPacket         
               is not allocated
    -------------------------------------------------------------------------
ISTACK
  Segment part 4. NOT NEEDED.
    -------------------------------------------------------------------------
PSTACK
  Segment part 5. NOT NEEDED.
    -------------------------------------------------------------------------
XSTACK
  Segment part 6. NOT NEEDED.
    -------------------------------------------------------------------------
IOVERLAY
  Segment part 7. NOT NEEDED.
    -------------------------------------------------------------------------
DOVERLAY
  Segment part 8. NOT NEEDED.

    *************************************************************************

  FILE NAME : E:\study\zg projects\shm\SPP-BT\App_Ex\cc2430\IAR_files\TX\Obj\rfSetRadioFrequency.r51
  PROGRAM MODULE, NAME : rfSetRadioFrequency

  SEGMENTS IN THE MODULE
  ======================
NEAR_CODE
  Relative segment, address: CODE 000008B2 - 000008F1 (0x40 bytes), align: 0
  Segment part 10.
           ENTRY                   ADDRESS         REF BY
           =====                   =======         ======
           halRfSetRadioFrequency
                                   000008B2        halRfConfig (rfConfig)
               stack 1 = 00000000 ( 0000000F )
               stack 2 = 00000000 ( 00000001 )
    -------------------------------------------------------------------------
ISTACK
  Segment part 1. NOT NEEDED.
    -------------------------------------------------------------------------
PSTACK
  Segment part 2. NOT NEEDED.
    -------------------------------------------------------------------------
XSTACK
  Segment part 3. NOT NEEDED.
    -------------------------------------------------------------------------
IOVERLAY
  Segment part 4. NOT NEEDED.
    -------------------------------------------------------------------------
DOVERLAY
  Segment part 5. NOT NEEDED.
    -------------------------------------------------------------------------
XDATA_I
[...]
?UL_SHR                     25
?XSTACK_DISP8               10
?cexit                       5
?cmain                     113
?low_level_init              3
?memset                     47
CSTARTUP                    15
  + common                   3
VIRTUAL_REGISTERS                   2                           8
app_ex_interrupt           162                   36
  + common                 142
app_ex_main                108             8
  + shared                                 6
dmaAllocChannel            175
  + shared                                 3
dmaFromRadio               101
dmaInit                    249             2     47
  + shared                  70             7
  + common
dmaToRadio                 132
radio                      190                    5
  + shared                                 1
rfConfig                   104                    4
rfReceivePacket
  + shared                                 2
rfSetRadioFrequency         72                    8
rf_test                    184                   12
setTimer1Period              4
  + shared                                        4
setTimer34Period           207             2      8
  + shared                                 2
spp                      1 352             2     26
  + common                 134
timer4AdmClear              56
timer4AdmInit              309             7     17
  + common                 126
timer4AdmSet               140
wait                       104                    4
N/A (command line)                 16           511     64
N/A (alignment)
----------               -----     --     --    ---     --      -
Total:                   4 563     18     42    682     64      8
  + common                 142


                ****************************************
                *                                      *
                *              CALL GRAPH              *
                *                                      *
                ****************************************

  ->Sub-tree of type: Interrupt function tree that does not make
                    : indirect calls
                             XSTACK   ISTACK
    | Stack used (prev) :  00000000 00000000
  01  ADC_IRQ
      | Stack used (prev) :  00000000 00000000
      | + function block  :  00000000 0000000F
  <-Sub-tree of type: Interrupt function tree that does not make
                    : indirect calls
    | Stack used          :  00000000 0000000F


  ->Sub-tree of type: Interrupt function tree that does not make
                    : indirect calls
                             XSTACK   ISTACK
    | Stack used (prev) :  00000000 0000000F
  01  URX1_IRQ
      | Stack used (prev) :  00000000 0000000F
      | + function block  :  00000000 0000000F
  <-Sub-tree of type: Interrupt function tree that does not make
                    : indirect calls
    | Stack used          :  00000000 0000001E


  ->Sub-tree of type: Interrupt function tree that does not make
                    : indirect calls
                             XSTACK   ISTACK
    | Stack used (prev) :  00000000 0000001E
  01  ENC_IRQ
      | Stack used (prev) :  00000000 0000001E
      | + function block  :  00000000 0000000F
  <-Sub-tree of type: Interrupt function tree that does not make
                    : indirect calls
    | Stack used          :  00000000 0000002D


  ->Sub-tree of type: Interrupt function tree that does not make
                    : indirect calls
                             XSTACK   ISTACK
    | Stack used (prev) :  00000000 0000002D
  01  ST_IRQ
      | Stack used (prev) :  00000000 0000002D
      | + function block  :  00000000 0000000F
  <-Sub-tree of type: Interrupt function tree that does not make
                    : indirect calls
    | Stack used          :  00000000 0000003C


  ->Sub-tree of type: Interrupt function tree that does not make
                    : indirect calls
                             XSTACK   ISTACK
    | Stack used (prev) :  00000000 0000003C
  01  P2INT_IRQ
      | Stack used (prev) :  00000000 0000003C
      | + function block  :  00000000 0000000F
  <-Sub-tree of type: Interrupt function tree that does not make
                    : indirect calls
    | Stack used          :  00000000 0000004B


  ->Sub-tree of type: Interrupt function tree that does not make
                    : indirect calls
                             XSTACK   ISTACK
    | Stack used (prev) :  00000000 0000004B
  01  UTX0_IRQ
      | Stack used (prev) :  00000000 0000004B
      | + function block  :  00000000 0000000F
  <-Sub-tree of type: Interrupt function tree that does not make
                    : indirect calls
    | Stack used          :  00000000 0000005A


  ->Sub-tree of type: Interrupt function tree that does not make
                    : indirect calls
                             XSTACK   ISTACK
    | Stack used (prev) :  00000000 0000005A
  01  T1_IRQ
      | Stack used (prev) :  00000000 0000005A
      | + function block  :  00000000 0000000F
  <-Sub-tree of type: Interrupt function tree that does not make
                    : indirect calls
    | Stack used          :  00000000 00000069


  ->Sub-tree of type: Interrupt function tree that does not make
                    : indirect calls
                             XSTACK   ISTACK
    | Stack used (prev) :  00000000 00000069
  01  T2_IRQ
      | Stack used (prev) :  00000000 00000069
      | + function block  :  00000000 0000000F
  <-Sub-tree of type: Interrupt function tree that does not make
                    : indirect calls
    | Stack used          :  00000000 00000078


  ->Sub-tree of type: Interrupt function tree that does not make
                    : indirect calls
                             XSTACK   ISTACK
    | Stack used (prev) :  00000000 00000078
  01  T3_IRQ
      | Stack used (prev) :  00000000 00000078
      | + function block  :  00000000 0000000F
  <-Sub-tree of type: Interrupt function tree that does not make
                    : indirect calls
    | Stack used          :  00000000 00000087


  ->Sub-tree of type: Interrupt function tree that does not make
                    : indirect calls
                             XSTACK   ISTACK
    | Stack used (prev) :  00000000 00000087
  01  P0INT_IRQ
      | Stack used (prev) :  00000000 00000087
      | + function block  :  00000000 0000000F
  <-Sub-tree of type: Interrupt function tree that does not make
                    : indirect calls
    | Stack used          :  00000000 00000096


  ->Sub-tree of type: Interrupt function tree that does not make
                    : indirect calls
                             XSTACK   ISTACK
    | Stack used (prev) :  00000000 00000096
  01  UTX1_IRQ
      | Stack used (prev) :  00000000 00000096
      | + function block  :  00000000 0000000F
  <-Sub-tree of type: Interrupt function tree that does not make
                    : indirect calls
    | Stack used          :  00000000 000000A5


  ->Sub-tree of type: Interrupt function tree that does not make
                    : indirect calls
                             XSTACK   ISTACK
    | Stack used (prev) :  00000000 000000A5
  01  WDT_IRQ
      | Stack used (prev) :  00000000 000000A5
      | + function block  :  00000000 0000000F
  <-Sub-tree of type: Interrupt function tree that does not make
                    : indirect calls
    | Stack used          :  00000000 000000B4


  ->Sub-tree of type: Interrupt function tree that does not make
                    : indirect calls
                             XSTACK   ISTACK
    | Stack used (prev) :  00000000 000000B4
  01  dma_IRQ
      | Stack used (prev) :  00000000 000000B4
      | + function block  :  00000000 0000000F
  <-Sub-tree of type: Interrupt function tree that does not make
                    : indirect calls
    | Stack used          :  00000000 000000C3


  ->Sub-tree of type: Interrupt function tree that does not make
                    : indirect calls
                             XSTACK   ISTACK
    | Stack used (prev) :  00000000 000000C3
  01  spp_rf_IRQ
      | Stack used (prev) :  00000000 000000C3
      | + function block  :  00000000 00000007
  <-Sub-tree of type: Interrupt function tree that does not make
                    : indirect calls
    | Stack used          :  00000000 000000CA


  ->Sub-tree of type: Interrupt function tree that does not make
                    : indirect calls
                             XSTACK   ISTACK
    | Stack used (prev) :  00000000 000000CA
  01  rf_error_IRQ
      | Stack used (prev) :  00000000 000000CA
      | + function block  :  00000000 00000008
  <-Sub-tree of type: Interrupt function tree that does not make
                    : indirect calls
    | Stack used          :  00000000 000000D2


  ->Sub-tree of type: Interrupt function tree that does not make
                    : indirect calls
                             XSTACK   ISTACK
    | Stack used (prev) :  00000000 000000D2
  01  P1_IRQ
      | Stack used (prev) :  00000000 000000D2
      | + function block  :  00000000 00000011
  <-Sub-tree of type: Interrupt function tree that does not make
                    : indirect calls
    | Stack used          :  00000000 000000E3


  ->Sub-tree of type: Indirectly called function tree that does not make
                    : indirect calls (Is not an interrupt and is not flagged
                    : as not overlayable)
                             XSTACK   ISTACK
    | Stack used (prev) :  00000000 000000E3
  03      culTimer4AdmClear
          | Stack used (prev) :  00000000 000000E3
          | + function block  :  00000009 00000001
  02    ackReceived
        | Stack used (prev) :  00000009 000000E4
        | + function block  :  00000019 00000000
  02    sendAck
        | Stack used (prev) :  00000000 000000E3
        | + function block  :  00000009 00000002
  01  rxCallBack
      | Stack used (prev) :  00000022 000000E5
      | + function block  :  00000012 00000000
  <-Sub-tree of type: Indirectly called function tree that does not make
                    : indirect calls (Is not an interrupt and is not flagged
                    : as not overlayable)
    | Stack used          :  00000034 000000E5


  ->Sub-tree of type: Indirectly called function tree that does not make
                    : indirect calls (Is not an interrupt and is not flagged
                    : as not overlayable)
                             XSTACK   ISTACK
    | Stack used (prev) :  00000000 000000E3
  02    culTimer4AdmClear
        | Stack used (prev) :  00000000 000000E3
        | + function block  :  00000009 00000001
        |  Already listed
  03      halWait
          | Stack used (prev) :  00000000 000000E3
          | + function block  :  0000000F 00000000
  04        culTimer4AdmSet
            | Stack used (prev) :  00000000 000000E3
            | + function block  :  0000000F 00000001
  03      waitForAck
          | Stack used (prev) :  0000000F 000000E3
          | + function block  :  00000027 00000001
  02    sppSend
        | Stack used (prev) :  00000036 000000E3
        | + function block  :  0000001A 00000001
  01  ackTimeout
      | Stack used (prev) :  00000050 000000E4
      | + function block  :  00000000 00000004
  <-Sub-tree of type: Indirectly called function tree that does not make
                    : indirect calls (Is not an interrupt and is not flagged
                    : as not overlayable)
    | Stack used          :  00000050 000000E8


  ->Sub-tree of type: Function tree
                             XSTACK   ISTACK
    | Stack used (prev) :  00000050 000000E8
  04        halWait
            | Stack used (prev) :  00000000 000000E3
            | + function block  :  0000000F 00000000
            |  Already listed
  05          halWait
              | Stack used (prev) :  00000000 000000E3
              | + function block  :  0000000F 00000000
              |  Already listed
  05          sppSend
              | Stack used (prev) :  00000036 000000E3
              | + function block  :  0000001A 00000001
              |  Already listed
  04        radioSend
            | Stack used (prev) :  00000050 000000E8
            | + function block  :  0000001B 00000000
  03      contionuousMode
          | Stack used (prev) :  0000006B 000000E8
          | + function block  :  0000001E 00000002
  07              memset
                  | Stack used (prev) :  00000050 000000E8
                  | + function block  :  0000000A 00000001
  07              halSetTimer34Period
                  | Stack used (prev) :  00000050 000000E8
                  | + function block  :  0000000F 00000000
  06            culTimer4AdmInit
                | Stack used (prev) :  0000005F 000000E9
                | + function block  :  00000016 00000000
  07              halRfSetRadioFrequency
                  | Stack used (prev) :  00000050 000000E8
                  | + function block  :  0000000F 00000001
  06            halRfConfig
                | Stack used (prev) :  0000005F 000000E9
                | + function block  :  0000001E 00000000
  06            culDmaToRadio
                | Stack used (prev) :  00000050 000000E8
                | + function block  :  0000000B 00000001
  07              memset
                  | Stack used (prev) :  00000050 000000E8
                  | + function block  :  0000000A 00000001
                  |  Already listed
  06            culDmaInit
                | Stack used (prev) :  0000005A 000000E9
                | + function block  :  00000016 00000000
  06            culDmaFromRadio
                | Stack used (prev) :  00000050 000000E8
                | + function block  :  00000008 00000001
  06            culDmaAllocChannel
                | Stack used (prev) :  00000050 000000E8
                | + function block  :  0000000A 00000001
  05          sppInit
              | Stack used (prev) :  0000007D 000000E9
              | + function block  :  00000016 00000000
  04        radioInit
            | Stack used (prev) :  00000093 000000E9
            | + function block  :  00000016 00000000
  03      initRfTest
          | Stack used (prev) :  000000A9 000000E9
          | + function block  :  00000016 00000000
  02    rf_test_main
        | Stack used (prev) :  000000BF 000000EA
        | + function block  :  00000000 00000004
  02    initUART
        | Stack used (prev) :  00000050 000000E8
        | + function block  :  00000000 00000000
  01  main
      | Stack used (prev) :  000000BF 000000EE
      | + function block  :  00000000 00000000
  <-Sub-tree of type: Function tree
    | Stack used          :  000000BF 000000EE


  ->Sub-tree of type: Function tree
                             XSTACK   ISTACK
    | Stack used (prev) :  000000BF 000000EE
  01  exit
      | Stack used (prev) :  000000BF 000000EE
      | + function block  :  00000000 00000000
  <-Sub-tree of type: Function tree
    | Stack used          :  000000BF 000000EE


  ->Sub-tree of type: Function tree
                             XSTACK   ISTACK
    | Stack used (prev) :  000000BF 000000EE
  01  __program_start
      | Stack used (prev) :  000000BF 000000EE
      | + function block  :  00000000 00000000
  <-Sub-tree of type: Function tree
    | Stack used          :  000000BF 000000EE


  ->Sub-tree of type: Function tree
                             XSTACK   ISTACK
    | Stack used (prev) :  000000BF 000000EE
  01  __low_level_init
      | Stack used (prev) :  000000BF 000000EE
      | + function block  :  00000000 00000000
  <-Sub-tree of type: Function tree
    | Stack used          :  000000BF 000000EE




                ****************************************
                *                                      *
                *      SEGMENTS IN ADDRESS ORDER       *
                *                                      *
                ****************************************


SEGMENT              SPACE    START ADDRESS   END ADDRESS     SIZE  TYPE  ALIGN
=======              =====    =============   ===========     ====  ====  =====
INTVEC               CODE          00000000 - 0000008D          8E   com    0
CSTART               CODE          0000008E - 00000115          88   rel    0
RCODE                CODE          00000116 - 000003F0         2DB   rel    0
NEAR_CODE            CODE          000003F1 - 00001232         E42   rel    0
DATA_ID              CODE               00001233                     dse    0
PDATA_ID             CODE               00001233                     dse    0
IXDATA_ID            CODE               00001233                     dse    0
BIT_ID               CODE               00001233                     dse    0
BDATA_ID             CODE               00001233                     dse    0
IDATA_ID             CODE               00001233                     dse    0
XDATA_ID             CODE          00001233 - 00001260          2E   rel    0
REGISTERS            DATA          00000000 - 00000007           8   rel    0
VREG                 DATA          00000008 - 0000000F           8   rel    0
PSP                  DATA               00000010                     dse    0
XSP                  DATA          00000010 - 00000011           2   rel    0
BREG                 BIT        00000020.0  -  00000020.7        8   rel    0
SFR_AN               DATA          00000080 - 00000080           1   rel    0
                     DATA          00000086 - 00000086           1 
                     DATA          00000088 - 00000088           1 
                     DATA          0000008A - 0000008A           1 
                     DATA          0000008C - 0000008D           2 
                     DATA          00000090 - 00000091           2 
                     DATA          00000098 - 00000098           1 
                     DATA          0000009A - 0000009B           2 
                     DATA          000000A8 - 000000A8           1 
                     DATA          000000B8 - 000000B8           1 
                     DATA          000000BE - 000000BE           1 
                     DATA          000000C0 - 000000C0           1 
                     DATA          000000C2 - 000000C2           1 
                     DATA          000000C4 - 000000C6           3 
                     DATA          000000CB - 000000CB           1 
                     DATA          000000CD - 000000CD           1 
                     DATA          000000D1 - 000000D3           3 
                     DATA          000000D6 - 000000D9           4 
                     DATA          000000E1 - 000000E1           1 
                     DATA          000000E8 - 000000EF           8 
                     DATA          000000F1 - 000000F1           1 
                     DATA          000000F3 - 000000F4           2 
                     DATA          000000FD - 000000FE           2 
PM0_XDATA            XDATA         0000E000 - 0000E004           5   rel    0
XSTACK               XDATA         0000F000 - 0000F1FE         1FF   rel    0
IXDATA_I             XDATA              0000F1FF                     dse    0
XDATA_N              XDATA              0000F1FF                     dse    0
XDATA_Z              XDATA         0000F1FF - 0000F276          78   rel    0
XDATA_I              XDATA         0000F277 - 0000F2A4          2E   rel    0
ISTACK               IDATA         000000C0 - 000000FF          40   rel    0

                ****************************************
                *                                      *
                *        END OF CROSS REFERENCE        *
                *                                      *
                ****************************************

 4 705 bytes of CODE  memory
    18 bytes of DATA  memory (+ 42 absolute )
   682 bytes of XDATA memory
    64 bytes of IDATA memory
     8 bits  of BIT   memory

Errors: none
Warnings: none

