################################################################################
#                                                                              #
#      IAR Universal Linker V4.60K/386                                         #
#                                                                              #
#           Link time     =  03/Jul/2015  20:20:06                             #
#           Target CPU    =  x51                                               #
#           List file     =  "C:\Documents and Settings\haoyan\桌面\SPP-BT修改 #
#                            版7\App_Ex\cc2430\IAR_files\RX\List\appEx_cc2430. #
#                            map"                                              #
#           Output file 1 =  "C:\Documents and Settings\haoyan\桌面\SPP-BT修改 #
#                            版7\App_Ex\cc2430\IAR_files\RX\Exe\appEx_cc2430.d #
#                            51"                                               #
#                            Format: debug                                     #
#                            UBROF version 10.0.2                              #
#                            Using library modules for C-SPY (-rt)             #
#           Output file 2 =  "C:\Documents and Settings\haoyan\桌面\SPP-BT修改 #
#                            版7\App_Ex\cc2430\IAR_files\RX\Exe\appEx_cc2430.h #
#                            ex"                                               #
#                            Format: intel-extended                            #
#           Command line  =  "-IC:\IAR Systems\Embedded Workbench 4.0 Evaluati #
#                            on version\8051\CONFIG\"                          #
#                            "C:\Documents and Settings\haoyan\桌面\SPP-BT修改 #
#                            版7\App_Ex\cc2430\IAR_files\RX\Obj\dmaAllocChanne #
#                            l.r51"                                            #
#                            "C:\Documents and Settings\haoyan\桌面\SPP-BT修改 #
#                            版7\App_Ex\cc2430\IAR_files\RX\Obj\dmaFreeChannel #
#                            .r51"                                             #
#                            "C:\Documents and Settings\haoyan\桌面\SPP-BT修改 #
#                            版7\App_Ex\cc2430\IAR_files\RX\Obj\dmaFromRadio.r #
#                            51"                                               #
#                            "C:\Documents and Settings\haoyan\桌面\SPP-BT修改 #
#                            版7\App_Ex\cc2430\IAR_files\RX\Obj\dmaInit.r51"   #
#                            "C:\Documents and Settings\haoyan\桌面\SPP-BT修改 #
#                            版7\App_Ex\cc2430\IAR_files\RX\Obj\dmaSetUpChanne #
#                            l.r51"                                            #
#                            "C:\Documents and Settings\haoyan\桌面\SPP-BT修改 #
#                            版7\App_Ex\cc2430\IAR_files\RX\Obj\dmaToRadio.r51 #
#                            "                                                 #
#                            "C:\Documents and Settings\haoyan\桌面\SPP-BT修改 #
#                            版7\App_Ex\cc2430\IAR_files\RX\Obj\dmaToUart0.r51 #
#                            "                                                 #
#                            "C:\Documents and Settings\haoyan\桌面\SPP-BT修改 #
#                            版7\App_Ex\cc2430\IAR_files\RX\Obj\flash.r51"     #
#                            "C:\Documents and Settings\haoyan\桌面\SPP-BT修改 #
#                            版7\App_Ex\cc2430\IAR_files\RX\Obj\radio.r51"     #
#                            "C:\Documents and Settings\haoyan\桌面\SPP-BT修改 #
#                            版7\App_Ex\cc2430\IAR_files\RX\Obj\rfConfig.r51"  #
#                            "C:\Documents and Settings\haoyan\桌面\SPP-BT修改 #
#                            版7\App_Ex\cc2430\IAR_files\RX\Obj\rfReceivePacke #
#                            t.r51"                                            #
#                            "C:\Documents and Settings\haoyan\桌面\SPP-BT修改 #
#                            版7\App_Ex\cc2430\IAR_files\RX\Obj\rfSendPacket.r #
#                            51"                                               #
#                            "C:\Documents and Settings\haoyan\桌面\SPP-BT修改 #
#                            版7\App_Ex\cc2430\IAR_files\RX\Obj\rfSetRadioFreq #
#                            uency.r51"                                        #
#                            "C:\Documents and Settings\haoyan\桌面\SPP-BT修改 #
#                            版7\App_Ex\cc2430\IAR_files\RX\Obj\rf_test.r51"   #
#                            "C:\Documents and Settings\haoyan\桌面\SPP-BT修改 #
#                            版7\App_Ex\cc2430\IAR_files\RX\Obj\spp.r51"       #
#                            "C:\Documents and Settings\haoyan\桌面\SPP-BT修改 #
#                            版7\App_Ex\cc2430\IAR_files\RX\Obj\wait.r51"      #
#                            -o                                                #
#                            "C:\Documents and Settings\haoyan\桌面\SPP-BT修改 #
#                            版7\App_Ex\cc2430\IAR_files\RX\Exe\appEx_cc2430.d #
#                            51"                                               #
#                            -l                                                #
#                            "C:\Documents and Settings\haoyan\桌面\SPP-BT修改 #
#                            版7\App_Ex\cc2430\IAR_files\RX\List\appEx_cc2430. #
#                            map"                                              #
#                            -xmsnio                                           #
#                            "-IC:\IAR Systems\Embedded Workbench 4.0 Evaluati #
#                            on version\8051\LIB\"                             #
#                            -f C:\SPP-BT001.xcl (-D_IDATA_END=0xFF            #
#                            -D_PDATA_START=0xEF00 -D_PDATA_END=0xEFFF         #
#                            -D_IXDATA_START=E000 -D_IXDATA_END=FEFF           #
#                            -D_XDATA_START=_IXDATA_START                      #
#                            -D_XDATA_END=_IXDATA_END                          #
#                            -D_NEAR_CODE_END=0x7FFF -D_TINY_CODE_END=0x7FF    #
#                            -D_CODE_START=0x800 -D_CODE_END=0x2400            #
#                            -D_BANK1A=(10000+_CODE_END+1)                     #
#                            -D_ZIGNV_START=0x3E000 -D_ZIGNV_SIZE=0x1000       #
#                            -D_ZIGNV_END=(_ZIGNV_START+_ZIGNV_SIZE-1)         #
#                            -D?REGISTER_BANK=0 -D_REGISTER_BANK_START=0       #
#                            -D_FIRST_BANK_ADDR=0x10000 -D_NR_OF_BANKS=0x03    #
#                            -D?PBANK_NUMBER=EF -D?PBANK=93                    #
#                            -D_BREG_START=0x00 -D?VB=0x20                     #
#                            -D_FAR_DATA_NR_OF_BANKS=0x0E                      #
#                            -D_FAR_DATA_START=0x010001                        #
#                            -D_FAR_DATA_END=0xFFFFFF                          #
#                            -D_FAR_CODE_START=_CODE_START                     #
#                            -D_FAR_CODE_END=_CODE_END                         #
#                            -Z(BIT)BREG=_BREG_START -Z(BIT)BIT_N=0-7F         #
#                            -Z(DATA)REGISTERS+8=_REGISTER_BANK_START          #
#                            -Z(DATA)BDATA_Z,BDATA_N,BDATA_I=20-2F             #
#                            -Z(DATA)VREG+_NR_OF_VIRTUAL_REGISTERS=08-7F       #
#                            -Z(DATA)PSP,XSP=08-7F -Z(DATA)DOVERLAY=08-7F      #
#                            -Z(DATA)DATA_I,DATA_Z,DATA_N=08-7F                #
#                            -U(IDATA)0-7F=(DATA)0-7F                          #
#                            -Z(IDATA)IDATA_I,IDATA_Z,IDATA_N=08-_IDATA_END    #
#                            -Z(IDATA)ISTACK+_IDATA_STACK_SIZE#08-_IDATA_END   #
#                            -Z(IDATA)IOVERLAY=08-FF -Z(CODE)INTVEC=0          #
#                            -Z(CODE)CSTART=_CODE_START-_CODE_END              #
#                            -Z(CODE)RCODE=_CODE_START-_CODE_END               #
#                            -Z(CODE)TINY_CODE=_CODE_START-_CODE_END           #
#                            -Z(CODE)NEAR_CODE=_CODE_START-_CODE_END           #
#                            -Z(CODE)DIFUNCT=_CODE_START-_CODE_END             #
#                            -Z(CODE)FAR_CODE=_CODE_START-_CODE_END            #
#                            -Z(CODE)BANK_RELAYS=_CODE_START-_CODE_END         #
#                            -P(CODE)BANKED_CODE=_BANK1_START-_BANK1_END,_BANK #
#                            2_START-_BANK2_END,_BANK3_START-_BANK3_END,_BANK3 #
#                            b_START-_BANK3b_END                               #
#                            -Z(CODE)BIT_ID,BDATA_ID,DATA_ID,IDATA_ID,IXDATA_I #
#                            D,PDATA_ID,XDATA_ID=_CODE_START-_CODE_END         #
#                            -Z(CODE)HUGE_ID=_FAR_CODE_START-_FAR_CODE_END     #
#                            -Z(CODE)CODE_C=_CODE_START-_CODE_END              #
#                            -Z(CODE)FAR_CODE_C=_FAR_CODE_START-_FAR_CODE_END  #
#                            -Z(CODE)HUGE_CODE_C=_FAR_CODE_START-_FAR_CODE_END #
#                            -Z(CODE)CHECKSUM#_CODE_END                        #
#                            -Z(XDATA)EXT_STACK+_EXTENDED_STACK_SIZE=_EXTENDED #
#                            _STACK_START-_EXTENDED_STACK_END                  #
#                            -Z(XDATA)PSTACK+_PDATA_STACK_SIZE=_PDATA_START-_P #
#                            DATA_END                                          #
#                            -Z(XDATA)XSTACK+_XDATA_STACK_SIZE=_XDATA_START-_X #
#                            DATA_END                                          #
#                            -Z(XDATA)PDATA_N,PDATA_Z,PDATA_I=_PDATA_START-_PD #
#                            ATA_END                                           #
#                            -Z(XDATA)IXDATA_N,IXDATA_Z,IXDATA_I=_IXDATA_START #
#                            -_IXDATA_END                                      #
#                            -Z(XDATA)XDATA_N,XDATA_Z,XDATA_I=_XDATA_START-_XD #
#                            ATA_END                                           #
#                            -Z(XDATA)XDATA_HEAP+_XDATA_HEAP_SIZE=_XDATA_START #
#                            -_XDATA_END                                       #
#                            -Z(CONST)XDATA_ROM_C=_XDATA_START-_XDATA_END      #
#                            -Z(SPLIT-XDATA)FAR_Z=[_FAR_DATA_START-_FAR_DATA_E #
#                            ND]/10000                                         #
#                            -Z(SPLIT-XDATA)FAR_I=[_FAR_DATA_START-_FAR_DATA_E #
#                            ND]/10000                                         #
#                            -Z(SPLIT-CODE)FAR_ID=[_FAR_CODE_START-_FAR_CODE_E #
#                            ND]/10000                                         #
#                            -Z(SPLIT-XDATA)FAR_HEAP+_FAR_HEAP_SIZE=[_FAR_DATA #
#                            _START-_FAR_DATA_END]/10000                       #
#                            -P(XDATA)FAR_N=[_FAR_DATA_START-_FAR_DATA_END]*_F #
#                            AR_DATA_NR_OF_BANKS+10000                         #
#                            -P(CONST)FAR_ROM_C=[_FAR_DATA_START-_FAR_DATA_END #
#                            ]*E+10000                                         #
#                            -Z(XDATA)HUGE_N,HUGE_Z,HUGE_I=_FAR_DATA_START-_FA #
#                            R_DATA_END                                        #
#                            -Z(XDATA)HUGE_HEAP+_HUGE_HEAP_SIZE=_FAR_DATA_STAR #
#                            T-_FAR_DATA_END                                   #
#                            -Z(CONST)HUGE_ROM_C=_FAR_DATA_START-_FAR_DATA_END #
#                            -cx51 -D_BANK1_START=_BANK1A                      #
#                            -D_BANK1_END=0x1FFFF -D_BANK2_START=0x28000       #
#                            -D_BANK2_END=0x2FFFF -D_BANK3_START=0x38000       #
#                            -D_BANK3_END=0x3DFFF                              #
#                            -D_BANK3b_START=(_ZIGNV_END+1)                    #
#                            -D_BANK3b_END=0x3FFF7                             #
#                            -P(CODE)BANK1=_BANK1_START-_BANK1_END             #
#                            -P(CODE)BANK2=_BANK2_START-_BANK2_END             #
#                            -P(CODE)BANK3=_BANK3_START-_BANK3_END             #
#                            -P(CODE)ZIGNV=_ZIGNV_START-_ZIGNV_END             #
#                            -P(CODE)BANK3b=_BANK3b_START-_BANK3b_END          #
#                            -D_IEEE_ADDR_START=0x3FFF8                        #
#                            -D_IEEE_ADDR_END=0x3FFFF -D_FLASH_START=0xC800    #
#                            -D_FLASH_END=0xFFff                               #
#                            -Z(CODE)FLASH=_FLASH_START-_FLASH_END             #
#                            -D_PM0_XDATA_START=E000 -D_PM0_XDATA_END=EFFF     #
#                            -Z(XDATA)PM0_XDATA=_PM0_XDATA_START-_PM0_XDATA_EN #
#                            D)                                                #
#                            -D_NR_OF_VIRTUAL_REGISTERS=8 -D?DPL1=0x84         #
#                            -D?DPH1=0x85 -D_CODEBANK_START=0                  #
#                            -D_CODEBANK_END=0                                 #
#                            -e_small_write=_formatted_write                   #
#                            -e_medium_read=_formatted_read -rt                #
#                            "-Ointel-extended=C:\Documents and Settings\haoya #
#                            n\桌面\SPP-BT修改版7\App_Ex\cc2430\IAR_files\RX\E #
#                            xe\appEx_cc2430.hex"                              #
#                            -s __program_start                                #
#                            "C:\IAR Systems\Embedded Workbench 4.0 Evaluation #
#                             version\8051\LIB\CLIB\cl-pli-nlxd-1e16x01.r51"   #
#                            -D_IDATA_STACK_SIZE=0x40                          #
#                            -D_EXTENDED_STACK_START=0x00                      #
#                            -D_EXTENDED_STACK_END=0x00                        #
#                            -D_EXTENDED_STACK_SIZE=0x00                       #
#                            -D_PDATA_STACK_SIZE=0x80                          #
#                            -D_XDATA_STACK_SIZE=0x2FF                         #
#                            -D_XDATA_HEAP_SIZE=0xFF -D_FAR_HEAP_SIZE=0xFFF    #
#                            -D_HUGE_HEAP_SIZE=0xFFF                           #
#                                                                              #
#                        Copyright 1987-2007 IAR Systems. All rights reserved. #
################################################################################





                ****************************************
                *                                      *
                *           CROSS REFERENCE            *
                *                                      *
                ****************************************

       Program entry at : CODE      00000876  Relocatable, from module : CSTARTUP




                ****************************************
                *                                      *
                *            RUNTIME MODEL             *
                *                                      *
                ****************************************

  __calling_convention     = xdata_reentrant
  __code_model             = near
  __core                   = plain
  __data_model             = large
  __dptr_size              = 16
  __extended_stack         = disabled
  __location_for_constants = data
  __number_of_dptrs        = 1
  __rt_version             = 1



                ****************************************
                *                                      *
                *              MODULE MAP              *
                *                                      *
                ****************************************


  DEFINED ABSOLUTE ENTRIES
    *************************************************************************

  DEFINED ABSOLUTE ENTRIES
  PROGRAM MODULE, NAME : ?ABS_ENTRY_MOD

Absolute parts
           ENTRY                   ADDRESS         REF BY
           =====                   =======         ======
           _HUGE_HEAP_SIZE         00000FFF 
           _FAR_HEAP_SIZE          00000FFF 
           _XDATA_HEAP_SIZE        000000FF 
           _XDATA_STACK_SIZE       000002FF 
           _PDATA_STACK_SIZE       00000080 
           _EXTENDED_STACK_SIZE    00000000 
           _EXTENDED_STACK_END     00000000 
           _EXTENDED_STACK_START   00000000 
           _IDATA_STACK_SIZE       00000040 
           _CODEBANK_END           00000000 
           _CODEBANK_START         00000000 
           ?DPH1                   00000085 
           ?DPL1                   00000084 
           _NR_OF_VIRTUAL_REGISTERS
                                   00000008 
           _PM0_XDATA_END          0000EFFF 
           _PM0_XDATA_START        0000E000 
           _FLASH_END              0000FFFF 
           _FLASH_START            0000C800 
           _IEEE_ADDR_END          0003FFFF 
           _IEEE_ADDR_START        0003FFF8 
           _BANK3b_END             0003FFF7 
           _BANK3b_START           0003F000 
           _BANK3_END              0003DFFF 
           _BANK3_START            00038000 
           _BANK2_END              0002FFFF 
           _BANK2_START            00028000 
           _BANK1_END              0001FFFF 
           _BANK1_START            00012401 
           _FAR_CODE_END           00002400 
           _FAR_CODE_START         00000800 
           _FAR_DATA_END           00FFFFFF 
           _FAR_DATA_START         00010001 
           _FAR_DATA_NR_OF_BANKS   0000000E 
           ?VB                     00000020        ?FUNC_ENTER_XDATA (?FUNC_ENTER_XDATA)
                                                   ?FUNC_LEAVE_XDATA (?FUNC_LEAVE_XDATA)
           _BREG_START             00000000 
           ?PBANK                  00000093 
           ?PBANK_NUMBER           000000EF 
           _NR_OF_BANKS            00000003 
           _FIRST_BANK_ADDR        00010000 
           _REGISTER_BANK_START    00000000 
           ?REGISTER_BANK          00000000        Segment part 6 (CSTARTUP)
           _ZIGNV_END              0003EFFF 
           _ZIGNV_SIZE             00001000 
           _ZIGNV_START            0003E000 
           _BANK1A                 00012401 
           _CODE_END               00002400 
           _CODE_START             00000800 
           _TINY_CODE_END          000007FF 
           _NEAR_CODE_END          00007FFF 
           _XDATA_END              0000FEFF 
           _XDATA_START            0000E000 
           _IXDATA_END             0000FEFF 
           _IXDATA_START           0000E000 
           _PDATA_END              0000EFFF 
           _PDATA_START            0000EF00 
           _IDATA_END              000000FF 
    *************************************************************************

  FILE NAME : C:\Documents and Settings\haoyan\桌面\SPP-BT修改版7\App_Ex\cc2430\IAR_files\RX\Obj\dmaAllocChannel.r51
  PROGRAM MODULE, NAME : dmaAllocChannel

  SEGMENTS IN THE MODULE
  ======================
SFR_AN
  Relative segment, address: DATA 000000A8 - 000000A8 (0x1 bytes), align: 0
  Segment part 1.             Intra module refs:   BT_Init (rf_test)
                                                   Enter_IAP_Mode (rf_test)
                                                   Process_IAP_Data (rf_test)
                                                   culDmaAllocChannel
                                                   culDmaInit (dmaInit)
                                                   sppInit (spp)
                                                   writeFlashUsingDMA (flash)
           ENTRY                   ADDRESS         REF BY
           =====                   =======         ======
           _A_IEN0                 000000A8 
    -------------------------------------------------------------------------
SFR_AN
  Relative segment, address: DATA 000000D1 - 000000D1 (0x1 bytes), align: 0
  Segment part 2.             Intra module refs:   culDmaAllocChannel
                                                   culDmaInit (dmaInit)
                                                   radioReceive (radio)
                                                   writeFlashUsingDMA (flash)
           ENTRY                   ADDRESS         REF BY
           =====                   =======         ======
           DMAIRQ                  000000D1 
    -------------------------------------------------------------------------
SFR_AN
  Relative segment, address: DATA 000000D6 - 000000D6 (0x1 bytes), align: 0
  Segment part 3.             Intra module refs:   culDmaAllocChannel
                                                   culDmaInit (dmaInit)
                                                   rxCallBack (spp)
                                                   sppInit (spp)
                                                   sppReceive (spp)
                                                   sppSend (spp)
                                                   writeFlashUsingDMA (flash)
           ENTRY                   ADDRESS         REF BY
           =====                   =======         ======
           DMAARM                  000000D6 
    -------------------------------------------------------------------------
NEAR_CODE
  Relative segment, address: CODE 00000CB0 - 00000D50 (0xa1 bytes), align: 0
  Segment part 9.
           ENTRY                   ADDRESS         REF BY
           =====                   =======         ======
           culDmaAllocChannel      00000CB0        sppInit (spp)
               stack 1 = 00000000 ( 0000000A )
               stack 2 = 00000000 ( 00000001 )
    -------------------------------------------------------------------------
NEAR_CODE
  Relative segment, address: CODE 00000D51 - 00000D5E (0xe bytes), align: 0
  Segment part 10.            Intra module refs:   culDmaAllocChannel
           LOCAL                   ADDRESS         
           =====                   =======         
           ?Subroutine0            00000D51 
    -------------------------------------------------------------------------
ISTACK
  Segment part 4. NOT NEEDED.
    -------------------------------------------------------------------------
PSTACK
  Segment part 5. NOT NEEDED.
    -------------------------------------------------------------------------
XSTACK
  Segment part 6. NOT NEEDED.
    -------------------------------------------------------------------------
IOVERLAY
  Segment part 7. NOT NEEDED.
    -------------------------------------------------------------------------
DOVERLAY
  Segment part 8. NOT NEEDED.

    *************************************************************************

  FILE NAME : C:\Documents and Settings\haoyan\桌面\SPP-BT修改版7\App_Ex\cc2430\IAR_files\RX\Obj\dmaFreeChannel.r51
  PROGRAM MODULE, NAME : dmaFreeChannel

  SEGMENTS IN THE MODULE
  ======================
SFR_AN
  Segment part 1. TENTATIVE. Used definition from dmaAllocChannel
           ENTRY                   ADDRESS         REF BY
           =====                   =======         ======
           _A_IEN0                 
    -------------------------------------------------------------------------
SFR_AN
  Segment part 2. TENTATIVE. Used definition from dmaAllocChannel
           ENTRY                   ADDRESS         REF BY
           =====                   =======         ======
           DMAARM                  
    -------------------------------------------------------------------------
NEAR_CODE
  Segment part 8. NOT NEEDED.
           ENTRY                   ADDRESS         REF BY
           =====                   =======         ======
           culDmaFreeChannel       
               is not allocated
    -------------------------------------------------------------------------
ISTACK
  Segment part 3. NOT NEEDED.
    -------------------------------------------------------------------------
PSTACK
  Segment part 4. NOT NEEDED.
    -------------------------------------------------------------------------
XSTACK
  Segment part 5. NOT NEEDED.
    -------------------------------------------------------------------------
IOVERLAY
  Segment part 6. NOT NEEDED.
    -------------------------------------------------------------------------
DOVERLAY
  Segment part 7. NOT NEEDED.

    *************************************************************************

  FILE NAME : C:\Documents and Settings\haoyan\桌面\SPP-BT修改版7\App_Ex\cc2430\IAR_files\RX\Obj\dmaFromRadio.r51
  PROGRAM MODULE, NAME : dmaFromRadio

  SEGMENTS IN THE MODULE
  ======================
NEAR_CODE
  Relative segment, address: CODE 00000D5F - 00000DC3 (0x65 bytes), align: 0
  Segment part 6.
           ENTRY                   ADDRESS         REF BY
           =====                   =======         ======
           culDmaFromRadio         00000D5F        sppInit (spp)
               stack 1 = 00000000 ( 00000008 )
               stack 2 = 00000000 ( 00000001 )
    -------------------------------------------------------------------------
ISTACK
  Segment part 1. NOT NEEDED.
    -------------------------------------------------------------------------
PSTACK
  Segment part 2. NOT NEEDED.
    -------------------------------------------------------------------------
XSTACK
  Segment part 3. NOT NEEDED.
    -------------------------------------------------------------------------
IOVERLAY
  Segment part 4. NOT NEEDED.
    -------------------------------------------------------------------------
DOVERLAY
  Segment part 5. NOT NEEDED.

    *************************************************************************

  FILE NAME : C:\Documents and Settings\haoyan\桌面\SPP-BT修改版7\App_Ex\cc2430\IAR_files\RX\Obj\dmaInit.r51
  PROGRAM MODULE, NAME : dmaInit

  SEGMENTS IN THE MODULE
  ======================
SFR_AN
  Relative segment, address: DATA 00000088 - 00000088 (0x1 bytes), align: 0
  Segment part 1.             Intra module refs:   BT_Init (rf_test)
                                                   culDmaInit
                                                   rxCallBack (spp)
                                                   sppInit (spp)
                                                   sppReceive (spp)
                                                   sppSend (spp)
           ENTRY                   ADDRESS         REF BY
           =====                   =======         ======
           _A_TCON                 00000088 
    -------------------------------------------------------------------------
SFR_AN
  Relative segment, address: DATA 00000098 - 00000098 (0x1 bytes), align: 0
  Segment part 2.             Intra module refs:   culDmaInit
                                                   rxCallBack (spp)
                                                   sppInit (spp)
                                                   sppReceive (spp)
                                                   sppSend (spp)
           ENTRY                   ADDRESS         REF BY
           =====                   =======         ======
           _A_S0CON                00000098 
    -------------------------------------------------------------------------
SFR_AN
  Relative segment, address: DATA 0000009A - 0000009A (0x1 bytes), align: 0
  Segment part 3.             Intra module refs:   BT_Init (rf_test)
                                                   Enter_IAP_Mode (rf_test)
                                                   Process_IAP_Data (rf_test)
                                                   culDmaInit
                                                   sppInit (spp)
           ENTRY                   ADDRESS         REF BY
           =====                   =======         ======
           IEN2                    0000009A 
    -------------------------------------------------------------------------
SFR_AN
  Relative segment, address: DATA 0000009B - 0000009B (0x1 bytes), align: 0
  Segment part 4.             Intra module refs:   culDmaInit
                                                   rxCallBack (spp)
                                                   sppInit (spp)
                                                   sppReceive (spp)
                                                   sppSend (spp)
           ENTRY                   ADDRESS         REF BY
           =====                   =======         ======
           S1CON                   0000009B 
    -------------------------------------------------------------------------
SFR_AN
  Segment part 5. TENTATIVE. Used definition from dmaAllocChannel
           ENTRY                   ADDRESS         REF BY
           =====                   =======         ======
           _A_IEN0                 
    -------------------------------------------------------------------------
SFR_AN
  Relative segment, address: DATA 000000B8 - 000000B8 (0x1 bytes), align: 0
  Segment part 6.             Intra module refs:   BT_Init (rf_test)
                                                   Enter_IAP_Mode (rf_test)
                                                   Process_IAP_Data (rf_test)
                                                   culDmaInit
                                                   sppInit (spp)
           ENTRY                   ADDRESS         REF BY
           =====                   =======         ======
           _A_IEN1                 000000B8 
    -------------------------------------------------------------------------
SFR_AN
  Relative segment, address: DATA 000000C0 - 000000C0 (0x1 bytes), align: 0
  Segment part 7.             Intra module refs:   BT_Init (rf_test)
                                                   culDmaInit
                                                   radioReceive (radio)
                                                   rxCallBack (spp)
                                                   sppInit (spp)
                                                   sppReceive (spp)
                                                   sppSend (spp)
           ENTRY                   ADDRESS         REF BY
           =====                   =======         ======
           _A_IRCON                000000C0 
    -------------------------------------------------------------------------
SFR_AN
  Segment part 8. TENTATIVE. Used definition from dmaAllocChannel
           ENTRY                   ADDRESS         REF BY
           =====                   =======         ======
           DMAIRQ                  
    -------------------------------------------------------------------------
SFR_AN
  Relative segment, address: DATA 000000D2 - 000000D2 (0x1 bytes), align: 0
  Segment part 9.             Intra module refs:   culDmaInit
           ENTRY                   ADDRESS         REF BY
           =====                   =======         ======
           DMA1CFGL                000000D2 
    -------------------------------------------------------------------------
SFR_AN
  Relative segment, address: DATA 000000D3 - 000000D3 (0x1 bytes), align: 0
  Segment part 10.            Intra module refs:   culDmaInit
           ENTRY                   ADDRESS         REF BY
           =====                   =======         ======
           DMA1CFGH                000000D3 
    -------------------------------------------------------------------------
SFR_AN
  Segment part 11. TENTATIVE. Used definition from dmaAllocChannel
           ENTRY                   ADDRESS         REF BY
           =====                   =======         ======
           DMAARM                  
    -------------------------------------------------------------------------
SFR_AN
  Relative segment, address: DATA 000000D7 - 000000D7 (0x1 bytes), align: 0
  Segment part 12.            Intra module refs:   culDmaInit
                                                   sppSend (spp)
           ENTRY                   ADDRESS         REF BY
           =====                   =======         ======
           DMAREQ                  000000D7 
    -------------------------------------------------------------------------
SFR_AN
  Relative segment, address: DATA 000000E8 - 000000E8 (0x1 bytes), align: 0
  Segment part 13.            Intra module refs:   culDmaInit
                                                   rxCallBack (spp)
                                                   sppInit (spp)
                                                   sppReceive (spp)
                                                   sppSend (spp)
           ENTRY                   ADDRESS         REF BY
           =====                   =======         ======
           _A_IRCON2               000000E8 
    -------------------------------------------------------------------------
XDATA_Z
  Relative segment, address: XDATA 0000E2FF - 0000E31E (0x20 bytes), align: 0
  Segment part 19.            Intra module refs:   culDmaInit
           ENTRY                   ADDRESS         REF BY
           =====                   =======         ======
           dmaChannel1to4          0000E2FF        culDmaAllocChannel (dmaAllocChannel)
    -------------------------------------------------------------------------
XDATA_Z
  Relative segment, address: XDATA 0000E31F - 0000E32D (0xf bytes), align: 0
  Segment part 20.            Intra module refs:   culDmaInit
           ENTRY                   ADDRESS         REF BY
           =====                   =======         ======
           dmaTable                0000E31F        ?Subroutine0 (dmaAllocChannel)
                                                   radioReceive (radio)
    -------------------------------------------------------------------------
NEAR_CODE
  Relative segment, address: CODE 00000DC4 - 00000E26 (0x63 bytes), align: 0
  Segment part 21.
           ENTRY                   ADDRESS         REF BY
           =====                   =======         ======
           culDmaInit              00000DC4        sppInit (spp)
               calls direct
               stack 1 = 00000000 ( 0000000B )
    -------------------------------------------------------------------------
NEAR_CODE
  Segment part 22. NOT NEEDED.
           ENTRY                   ADDRESS         REF BY
           =====                   =======         ======
           culSetDmaChannel0CallBack
                                   
               is not allocated
    -------------------------------------------------------------------------
NEAR_CODE
  Segment part 23. NOT NEEDED.
    -------------------------------------------------------------------------
NEAR_CODE
  Segment part 24. NOT NEEDED.
           ENTRY                   ADDRESS         REF BY
           =====                   =======         ======
           culClearDmaChannel0CallBack
                                   
               is not allocated
    -------------------------------------------------------------------------
ISTACK
  Segment part 14. NOT NEEDED.
    -------------------------------------------------------------------------
PSTACK
  Segment part 15. NOT NEEDED.
    -------------------------------------------------------------------------
XSTACK
  Segment part 16. NOT NEEDED.
    -------------------------------------------------------------------------
IOVERLAY
  Segment part 17. NOT NEEDED.
    -------------------------------------------------------------------------
DOVERLAY
  Segment part 18. NOT NEEDED.

    *************************************************************************

  FILE NAME : C:\Documents and Settings\haoyan\桌面\SPP-BT修改版7\App_Ex\cc2430\IAR_files\RX\Obj\dmaSetUpChannel.r51
  PROGRAM MODULE, NAME : dmaSetUpChannel

  SEGMENTS IN THE MODULE
  ======================
SFR_AN
  Segment part 1. TENTATIVE. Used definition from dmaAllocChannel
           ENTRY                   ADDRESS         REF BY
           =====                   =======         ======
           DMAARM                  
    -------------------------------------------------------------------------
SFR_AN
  Segment part 2. TENTATIVE. Used definition from dmaInit
           ENTRY                   ADDRESS         REF BY
           =====                   =======         ======
           DMAREQ                  
    -------------------------------------------------------------------------
NEAR_CODE
  Segment part 8. NOT NEEDED.
           ENTRY                   ADDRESS         REF BY
           =====                   =======         ======
           culDmaSetUpChannel      
               calls direct, is not allocated
    -------------------------------------------------------------------------
ISTACK
  Segment part 3. NOT NEEDED.
    -------------------------------------------------------------------------
PSTACK
  Segment part 4. NOT NEEDED.
    -------------------------------------------------------------------------
XSTACK
  Segment part 5. NOT NEEDED.
    -------------------------------------------------------------------------
IOVERLAY
  Segment part 6. NOT NEEDED.
    -------------------------------------------------------------------------
DOVERLAY
  Segment part 7. NOT NEEDED.

    *************************************************************************

  FILE NAME : C:\Documents and Settings\haoyan\桌面\SPP-BT修改版7\App_Ex\cc2430\IAR_files\RX\Obj\dmaToRadio.r51
  PROGRAM MODULE, NAME : dmaToRadio

  SEGMENTS IN THE MODULE
  ======================
NEAR_CODE
  Relative segment, address: CODE 00000E27 - 00000EAA (0x84 bytes), align: 0
  Segment part 6.
           ENTRY                   ADDRESS         REF BY
           =====                   =======         ======
           culDmaToRadio           00000E27        sppInit (spp)
               stack 1 = 00000002 ( 00000009 )
               stack 2 = 00000000 ( 00000001 )
    -------------------------------------------------------------------------
ISTACK
  Segment part 1. NOT NEEDED.
    -------------------------------------------------------------------------
PSTACK
  Segment part 2. NOT NEEDED.
    -------------------------------------------------------------------------
XSTACK
  Segment part 3. NOT NEEDED.
    -------------------------------------------------------------------------
IOVERLAY
  Segment part 4. NOT NEEDED.
    -------------------------------------------------------------------------
DOVERLAY
  Segment part 5. NOT NEEDED.

    *************************************************************************

  FILE NAME : C:\Documents and Settings\haoyan\桌面\SPP-BT修改版7\App_Ex\cc2430\IAR_files\RX\Obj\dmaToUart0.r51
  PROGRAM MODULE, NAME : dmaToUart0

  SEGMENTS IN THE MODULE
  ======================
NEAR_CODE
  Segment part 6. NOT NEEDED.
           ENTRY                   ADDRESS         REF BY
           =====                   =======         ======
           culDmaToUart0           
               is not allocated
    -------------------------------------------------------------------------
ISTACK
  Segment part 1. NOT NEEDED.
    -------------------------------------------------------------------------
PSTACK
  Segment part 2. NOT NEEDED.
    -------------------------------------------------------------------------
XSTACK
  Segment part 3. NOT NEEDED.
    -------------------------------------------------------------------------
IOVERLAY
  Segment part 4. NOT NEEDED.
    -------------------------------------------------------------------------
DOVERLAY
  Segment part 5. NOT NEEDED.

    *************************************************************************

  FILE NAME : C:\Documents and Settings\haoyan\桌面\SPP-BT修改版7\App_Ex\cc2430\IAR_files\RX\Obj\flash.r51
  PROGRAM MODULE, NAME : flash

  SEGMENTS IN THE MODULE
  ======================
SFR_AN
  Relative segment, address: DATA 0000009F - 0000009F (0x1 bytes), align: 0
  Segment part 1.             Intra module refs:   FlashRead
                                                   ReadAddrConvert
           ENTRY                   ADDRESS         REF BY
           =====                   =======         ======
           FMAP                    0000009F 
    -------------------------------------------------------------------------
SFR_AN
  Segment part 2. TENTATIVE. Used definition from dmaAllocChannel
           ENTRY                   ADDRESS         REF BY
           =====                   =======         ======
           _A_IEN0                 
    -------------------------------------------------------------------------
SFR_AN
  Relative segment, address: DATA 000000AB - 000000AB (0x1 bytes), align: 0
  Segment part 3.             Intra module refs:   writeFlashUsingDMA
           ENTRY                   ADDRESS         REF BY
           =====                   =======         ======
           FWT                     000000AB 
    -------------------------------------------------------------------------
SFR_AN
  Relative segment, address: DATA 000000AC - 000000AC (0x1 bytes), align: 0
  Segment part 4.             Intra module refs:   writeFlashUsingDMA
           ENTRY                   ADDRESS         REF BY
           =====                   =======         ======
           FADDRL                  000000AC 
    -------------------------------------------------------------------------
SFR_AN
  Relative segment, address: DATA 000000AD - 000000AD (0x1 bytes), align: 0
  Segment part 5.             Intra module refs:   writeFlashUsingDMA
           ENTRY                   ADDRESS         REF BY
           =====                   =======         ======
           FADDRH                  000000AD 
    -------------------------------------------------------------------------
SFR_AN
  Relative segment, address: DATA 000000AE - 000000AE (0x1 bytes), align: 0
  Segment part 6.             Intra module refs:   FlashWrite
                                                   writeFlashUsingDMA
           ENTRY                   ADDRESS         REF BY
           =====                   =======         ======
           FCTL                    000000AE 
    -------------------------------------------------------------------------
SFR_AN
  Relative segment, address: DATA 000000C6 - 000000C6 (0x1 bytes), align: 0
  Segment part 7.             Intra module refs:   halWait (wait)
                                                   main (rf_test)
                                                   writeFlashUsingDMA
           ENTRY                   ADDRESS         REF BY
           =====                   =======         ======
           CLKCON                  000000C6 
    -------------------------------------------------------------------------
SFR_AN
  Segment part 8. TENTATIVE. Used definition from dmaAllocChannel
           ENTRY                   ADDRESS         REF BY
           =====                   =======         ======
           DMAIRQ                  
    -------------------------------------------------------------------------
SFR_AN
  Relative segment, address: DATA 000000D4 - 000000D4 (0x1 bytes), align: 0
  Segment part 9.             Intra module refs:   writeFlashUsingDMA
           ENTRY                   ADDRESS         REF BY
           =====                   =======         ======
           DMA0CFGL                000000D4 
    -------------------------------------------------------------------------
SFR_AN
  Relative segment, address: DATA 000000D5 - 000000D5 (0x1 bytes), align: 0
  Segment part 10.            Intra module refs:   writeFlashUsingDMA
           ENTRY                   ADDRESS         REF BY
           =====                   =======         ======
           DMA0CFGH                000000D5 
    -------------------------------------------------------------------------
SFR_AN
  Segment part 11. TENTATIVE. Used definition from dmaAllocChannel
           ENTRY                   ADDRESS         REF BY
           =====                   =======         ======
           DMAARM                  
    -------------------------------------------------------------------------
XDATA_Z
  Relative segment, address: XDATA 0000E32E - 0000E335 (0x8 bytes), align: 0
  Segment part 17.            Intra module refs:   writeFlashUsingDMA
           ENTRY                   ADDRESS         REF BY
           =====                   =======         ======
           dmaChannel              0000E32E 
    -------------------------------------------------------------------------
XDATA_Z
  Relative segment, address: XDATA 0000E336 - 0000EB35 (0x800 bytes), align: 0
  Segment part 18.            Intra module refs:   ?Subroutine6
                                                   FlashWrite
           ENTRY                   ADDRESS         REF BY
           =====                   =======         ======
           PageData                0000E336 
    -------------------------------------------------------------------------
FLASH
  Relative segment, address: CODE 0000C800 - 0000CB70 (0x371 bytes), align: 0
  Segment part 33.
           ENTRY                   ADDRESS         REF BY
           =====                   =======         ======
           FlashWrite              0000C800        ?Subroutine27 (rf_test)
               calls direct
               stack 1 = 00000004 ( 0000001D )
               stack 2 = 00000000 ( 00000002 )
    -------------------------------------------------------------------------
FLASH
  Relative segment, address: CODE 0000CB71 - 0000CB79 (0x9 bytes), align: 0
  Segment part 34.            Intra module refs:   FlashWrite
           LOCAL                   ADDRESS         
           =====                   =======         
           ?Subroutine8            0000CB71 
    -------------------------------------------------------------------------
FLASH
  Relative segment, address: CODE 0000CB7A - 0000CB84 (0xb bytes), align: 0
  Segment part 35.            Intra module refs:   FlashWrite
           LOCAL                   ADDRESS         
           =====                   =======         
           ?Subroutine6            0000CB7A 
    -------------------------------------------------------------------------
FLASH
  Relative segment, address: CODE 0000CB85 - 0000CB94 (0x10 bytes), align: 0
  Segment part 36.            Intra module refs:   FlashWrite
           LOCAL                   ADDRESS         
           =====                   =======         
           ?Subroutine4            0000CB85 
    -------------------------------------------------------------------------
FLASH
  Relative segment, address: CODE 0000CB95 - 0000CB98 (0x4 bytes), align: 0
  Segment part 37.            Intra module refs:   FlashWrite
           LOCAL                   ADDRESS         
           =====                   =======         
           ?Subroutine3            0000CB95 
    -------------------------------------------------------------------------
FLASH
  Relative segment, address: CODE 0000CB99 - 0000CBA2 (0xa bytes), align: 0
  Segment part 38.            Intra module refs:   FlashWrite
           LOCAL                   ADDRESS         
           =====                   =======         
           ?Subroutine2            0000CB99 
    -------------------------------------------------------------------------
FLASH
  Relative segment, address: CODE 0000CBA3 - 0000CBB9 (0x17 bytes), align: 0
  Segment part 39.            Intra module refs:   FlashWrite
           LOCAL                   ADDRESS         
           =====                   =======         
           ?Subroutine0            0000CBA3 
    -------------------------------------------------------------------------
FLASH
  Relative segment, address: CODE 0000CBBA - 0000CBC3 (0xa bytes), align: 0
  Segment part 40.            Intra module refs:   ?Subroutine0
                                                   ?Subroutine3
           LOCAL                   ADDRESS         
           =====                   =======         
           ?Subroutine11           0000CBBA 
    -------------------------------------------------------------------------
FLASH
  Relative segment, address: CODE 0000CBC4 - 0000CBCE (0xb bytes), align: 0
  Segment part 41.            Intra module refs:   ?Subroutine0
                                                   FlashWrite
           LOCAL                   ADDRESS         
           =====                   =======         
           ?Subroutine10           0000CBC4 
    -------------------------------------------------------------------------
FLASH
  Relative segment, address: CODE 0000CBCF - 0000CD78 (0x1aa bytes), align: 0
  Segment part 42.            Intra module refs:   FlashWrite
           ENTRY                   ADDRESS         REF BY
           =====                   =======         ======
           FlashRead               0000CBCF        ?Subroutine12 (rf_test)
               calls direct
               stack 1 = 0000001D ( 00000014 )
               stack 2 = 00000000 ( 00000002 )
    -------------------------------------------------------------------------
FLASH
  Relative segment, address: CODE 0000CD79 - 0000CD81 (0x9 bytes), align: 0
  Segment part 43.            Intra module refs:   FlashRead
           LOCAL                   ADDRESS         
           =====                   =======         
           ?Subroutine7            0000CD79 
    -------------------------------------------------------------------------
FLASH
  Relative segment, address: CODE 0000CD82 - 0000CD8D (0xc bytes), align: 0
  Segment part 44.            Intra module refs:   FlashRead
           LOCAL                   ADDRESS         
           =====                   =======         
           ?Subroutine5            0000CD82 
    -------------------------------------------------------------------------
FLASH
  Segment part 45. NOT NEEDED.
           ENTRY                   ADDRESS         REF BY
           =====                   =======         ======
           FlashErase              
               calls direct, is not allocated
    -------------------------------------------------------------------------
FLASH
  Relative segment, address: CODE 0000CD8E - 0000CE7B (0xee bytes), align: 0
  Segment part 46.            Intra module refs:   FlashWrite
           LOCAL                   ADDRESS         
           =====                   =======         
           WriteAddrConvert        0000CD8E 
               stack 1 = 00000019 ( 00000017 )
               stack 2 = 00000000 ( 00000002 )
    -------------------------------------------------------------------------
FLASH
  Relative segment, address: CODE 0000CE7C - 0000CE83 (0x8 bytes), align: 0
  Segment part 47.            Intra module refs:   FlashRead
                                                   FlashWrite
                                                   ReadAddrConvert
                                                   WriteAddrConvert
           LOCAL                   ADDRESS         
           =====                   =======         
           ?Subroutine12           0000CE7C 
    -------------------------------------------------------------------------
FLASH
  Relative segment, address: CODE 0000CE84 - 0000CF2C (0xa9 bytes), align: 0
  Segment part 48.            Intra module refs:   FlashRead
           LOCAL                   ADDRESS         
           =====                   =======         
           ReadAddrConvert         0000CE84 
               stack 1 = 00000014 ( 00000013 )
               stack 2 = 00000000 ( 00000002 )
    -------------------------------------------------------------------------
FLASH
  Relative segment, address: CODE 0000CF2D - 0000CF36 (0xa bytes), align: 0
  Segment part 49.            Intra module refs:   ReadAddrConvert
                                                   WriteAddrConvert
           LOCAL                   ADDRESS         
           =====                   =======         
           ?Subroutine1            0000CF2D 
    -------------------------------------------------------------------------
FLASH
  Relative segment, address: CODE 0000CF37 - 0000CF48 (0x12 bytes), align: 0
  Segment part 50.            Intra module refs:   ?Subroutine1
                                                   FlashRead
           LOCAL                   ADDRESS         
           =====                   =======         
           ?Subroutine9            0000CF37 
    -------------------------------------------------------------------------
FLASH
  Relative segment, address: CODE 0000CF49 - 0000D046 (0xfe bytes), align: 0
  Segment part 51.            Intra module refs:   FlashWrite
           LOCAL                   ADDRESS         
           =====                   =======         
           writeFlashUsingDMA      0000CF49 
               calls direct
               stack 1 = 0000001B ( 0000000B )
               stack 2 = 00000000 ( 00000001 )
    -------------------------------------------------------------------------
ISTACK
  Segment part 12. NOT NEEDED.
    -------------------------------------------------------------------------
PSTACK
  Segment part 13. NOT NEEDED.
    -------------------------------------------------------------------------
XSTACK
  Segment part 14. NOT NEEDED.
    -------------------------------------------------------------------------
IOVERLAY
  Segment part 15. NOT NEEDED.
    -------------------------------------------------------------------------
DOVERLAY
  Segment part 16. NOT NEEDED.
    -------------------------------------------------------------------------
XDATA_I
  Relative segment, address: XDATA 0000EB4D - 0000EB50 (0x4 bytes), align: 0
  Segment part 19.            Intra module refs:   FlashRead
                                                   FlashWrite
                                                   ReadAddrConvert
                                                   WriteAddrConvert
                                                   halWait (wait)
           ENTRY                   ADDRESS         REF BY
           =====                   =======         ======
           __Constant_0            0000EB4D 
    -------------------------------------------------------------------------
XDATA_ID
  Relative segment, address: CODE 00001DDF - 00001DE2 (0x4 bytes), align: 0
  Segment part 20.            Intra module refs:   __Constant_0
    -------------------------------------------------------------------------
XDATA_I
  Relative segment, address: XDATA 0000EB51 - 0000EB54 (0x4 bytes), align: 0
  Segment part 21.            Intra module refs:   FlashRead
                                                   FlashWrite
                                                   ReadAddrConvert
                                                   WriteAddrConvert
           ENTRY                   ADDRESS         REF BY
           =====                   =======         ======
           __Constant_20000        0000EB51 
    -------------------------------------------------------------------------
XDATA_ID
  Relative segment, address: CODE 00001DE3 - 00001DE6 (0x4 bytes), align: 0
  Segment part 22.            Intra module refs:   __Constant_20000
    -------------------------------------------------------------------------
XDATA_I
  Relative segment, address: XDATA 0000EB55 - 0000EB58 (0x4 bytes), align: 0
  Segment part 23.            Intra module refs:   FlashWrite
                                                   WriteAddrConvert
           ENTRY                   ADDRESS         REF BY
           =====                   =======         ======
           __Constant_800          0000EB55 
    -------------------------------------------------------------------------
XDATA_ID
  Relative segment, address: CODE 00001DE7 - 00001DEA (0x4 bytes), align: 0
  Segment part 24.            Intra module refs:   __Constant_800
    -------------------------------------------------------------------------
XDATA_I
  Relative segment, address: XDATA 0000EB59 - 0000EB5C (0x4 bytes), align: 0
  Segment part 25.            Intra module refs:   FlashRead
                                                   ReadAddrConvert
           ENTRY                   ADDRESS         REF BY
           =====                   =======         ======
           __Constant_8000         0000EB59 
    -------------------------------------------------------------------------
XDATA_ID
  Relative segment, address: CODE 00001DEB - 00001DEE (0x4 bytes), align: 0
  Segment part 26.            Intra module refs:   __Constant_8000
    -------------------------------------------------------------------------
XDATA_I
  Relative segment, address: XDATA 0000EB5D - 0000EB60 (0x4 bytes), align: 0
  Segment part 27.            Intra module refs:   FlashRead
           ENTRY                   ADDRESS         REF BY
           =====                   =======         ======
           __Constant_1            0000EB5D 
    -------------------------------------------------------------------------
XDATA_ID
  Relative segment, address: CODE 00001DEF - 00001DF2 (0x4 bytes), align: 0
  Segment part 28.            Intra module refs:   __Constant_1
    -------------------------------------------------------------------------
XDATA_I
  Relative segment, address: XDATA 0000EB61 - 0000EB64 (0x4 bytes), align: 0
  Segment part 29.            Intra module refs:   WriteAddrConvert
           ENTRY                   ADDRESS         REF BY
           =====                   =======         ======
           __Constant_100          0000EB61 
    -------------------------------------------------------------------------
XDATA_ID
  Relative segment, address: CODE 00001DF3 - 00001DF6 (0x4 bytes), align: 0
  Segment part 30.            Intra module refs:   __Constant_100
    -------------------------------------------------------------------------
XDATA_I
  Relative segment, address: XDATA 0000EB65 - 0000EB68 (0x4 bytes), align: 0
  Segment part 31.            Intra module refs:   WriteAddrConvert
           ENTRY                   ADDRESS         REF BY
           =====                   =======         ======
           __Constant_4            0000EB65 
    -------------------------------------------------------------------------
XDATA_ID
  Relative segment, address: CODE 00001DF7 - 00001DFA (0x4 bytes), align: 0
  Segment part 32.            Intra module refs:   __Constant_4

    *************************************************************************

  FILE NAME : C:\Documents and Settings\haoyan\桌面\SPP-BT修改版7\App_Ex\cc2430\IAR_files\RX\Obj\radio.r51
  PROGRAM MODULE, NAME : radio

  SEGMENTS IN THE MODULE
  ======================
SFR_AN
  Segment part 1. TENTATIVE. Used definition from dmaInit
           ENTRY                   ADDRESS         REF BY
           =====                   =======         ======
           _A_IRCON                
    -------------------------------------------------------------------------
SFR_AN
  Segment part 2. TENTATIVE. Used definition from dmaAllocChannel
           ENTRY                   ADDRESS         REF BY
           =====                   =======         ======
           DMAIRQ                  
    -------------------------------------------------------------------------
SFR_AN
  Relative segment, address: DATA 000000E1 - 000000E1 (0x1 bytes), align: 0
  Segment part 3.             Intra module refs:   radioReceive
                                                   rxCallBack (spp)
                                                   sppInit (spp)
                                                   sppReceive (spp)
                                                   sppSend (spp)
           ENTRY                   ADDRESS         REF BY
           =====                   =======         ======
           RFST                    000000E1 
    -------------------------------------------------------------------------
PM0_XDATA
  Relative segment, address: XDATA 0000EBBC - 0000EC3B (0x80 bytes), align: 0
  Segment part 9.             Intra module refs:   radioReceive
           ENTRY                   ADDRESS         REF BY
           =====                   =======         ======
           rxData                  0000EBBC 
    -------------------------------------------------------------------------
PM0_XDATA
  Relative segment, address: XDATA 0000EC3C - 0000EC40 (0x5 bytes), align: 0
  Segment part 10.            Intra module refs:   radioSend
           ENTRY                   ADDRESS         REF BY
           =====                   =======         ======
           txData                  0000EC3C 
    -------------------------------------------------------------------------
NEAR_CODE
  Relative segment, address: CODE 00000EAB - 00000EB7 (0xd bytes), align: 0
  Segment part 11.
           ENTRY                   ADDRESS         REF BY
           =====                   =======         ======
           radioInit               00000EAB        initRfTest (rf_test)
               calls direct
               stack 1 = 00000000 ( 0000000B )
    -------------------------------------------------------------------------
NEAR_CODE
  Relative segment, address: CODE 00000EB8 - 00000F5E (0xa7 bytes), align: 0
  Segment part 12.
           ENTRY                   ADDRESS         REF BY
           =====                   =======         ======
           radioSend               00000EB8        Enter_IAP_Mode (rf_test)
                                                   Process_IAP_Data (rf_test)
                                                   main (rf_test)
               calls direct
               stack 1 = 00000001 ( 0000000D )
    -------------------------------------------------------------------------
NEAR_CODE
  Relative segment, address: CODE 00000F5F - 00001096 (0x138 bytes), align: 0
  Segment part 13.
           ENTRY                   ADDRESS         REF BY
           =====                   =======         ======
           radioReceive            00000F5F        RADIO_Receive_Data (rf_test)
               calls direct
               stack 1 = 00000004 ( 00000011 )
               stack 2 = 00000000 ( 00000001 )
    -------------------------------------------------------------------------
NEAR_CODE
  Relative segment, address: CODE 00001097 - 000010A2 (0xc bytes), align: 0
  Segment part 14.            Intra module refs:   radioReceive
           LOCAL                   ADDRESS         
           =====                   =======         
           ?Subroutine0            00001097 
    -------------------------------------------------------------------------
ISTACK
  Segment part 4. NOT NEEDED.
    -------------------------------------------------------------------------
PSTACK
  Segment part 5. NOT NEEDED.
    -------------------------------------------------------------------------
XSTACK
  Segment part 6. NOT NEEDED.
    -------------------------------------------------------------------------
IOVERLAY
  Segment part 7. NOT NEEDED.
    -------------------------------------------------------------------------
DOVERLAY
  Segment part 8. NOT NEEDED.

    *************************************************************************

  FILE NAME : C:\Documents and Settings\haoyan\桌面\SPP-BT修改版7\App_Ex\cc2430\IAR_files\RX\Obj\rfConfig.r51
  PROGRAM MODULE, NAME : rfConfig

  SEGMENTS IN THE MODULE
  ======================
NEAR_CODE
  Relative segment, address: CODE 000010A3 - 000010F4 (0x52 bytes), align: 0
  Segment part 8.
           ENTRY                   ADDRESS         REF BY
           =====                   =======         ======
           halRfConfig             000010A3        sppInit (spp)
               calls direct
               stack 1 = 00000000 ( 0000000F )
    -------------------------------------------------------------------------
ISTACK
  Segment part 1. NOT NEEDED.
    -------------------------------------------------------------------------
PSTACK
  Segment part 2. NOT NEEDED.
    -------------------------------------------------------------------------
XSTACK
  Segment part 3. NOT NEEDED.
    -------------------------------------------------------------------------
IOVERLAY
  Segment part 4. NOT NEEDED.
    -------------------------------------------------------------------------
DOVERLAY
  Segment part 5. NOT NEEDED.
    -------------------------------------------------------------------------
XDATA_I
  Relative segment, address: XDATA 0000EB69 - 0000EB6C (0x4 bytes), align: 0
  Segment part 6.             Intra module refs:   halRfConfig
           ENTRY                   ADDRESS         REF BY
           =====                   =======         ======
           __Constant_1f3c19       0000EB69 
    -------------------------------------------------------------------------
XDATA_ID
  Relative segment, address: CODE 00001DFB - 00001DFE (0x4 bytes), align: 0
  Segment part 7.             Intra module refs:   __Constant_1f3c19

    *************************************************************************

  FILE NAME : C:\Documents and Settings\haoyan\桌面\SPP-BT修改版7\App_Ex\cc2430\IAR_files\RX\Obj\rfReceivePacket.r51
  PROGRAM MODULE, NAME : rfReceivePacket

  SEGMENTS IN THE MODULE
  ======================
SFR_AN
  Relative segment, address: DATA 000000D9 - 000000D9 (0x1 bytes), align: 0
  Segment part 1.             Intra module refs:   sppSend (spp)
           ENTRY                   ADDRESS         REF BY
           =====                   =======         ======
           RFD                     000000D9 
    -------------------------------------------------------------------------
SFR_AN
  Segment part 2. TENTATIVE. Used definition from radio
           ENTRY                   ADDRESS         REF BY
           =====                   =======         ======
           RFST                    
    -------------------------------------------------------------------------
SFR_AN
  Relative segment, address: DATA 000000E9 - 000000E9 (0x1 bytes), align: 0
  Segment part 3.             Intra module refs:   BT_Init (rf_test)
                                                   rxCallBack (spp)
                                                   sppInit (spp)
                                                   sppSend (spp)
           ENTRY                   ADDRESS         REF BY
           =====                   =======         ======
           RFIF                    000000E9 
    -------------------------------------------------------------------------
XDATA_Z
  Segment part 9. NOT NEEDED.
           ENTRY                   ADDRESS         REF BY
           =====                   =======         ======
           length                  
    -------------------------------------------------------------------------
NEAR_CODE
  Segment part 10. NOT NEEDED.
           ENTRY                   ADDRESS         REF BY
           =====                   =======         ======
           halRfReceivePacket      
               calls direct, is not allocated
    -------------------------------------------------------------------------
ISTACK
  Segment part 4. NOT NEEDED.
    -------------------------------------------------------------------------
PSTACK
  Segment part 5. NOT NEEDED.
    -------------------------------------------------------------------------
XSTACK
  Segment part 6. NOT NEEDED.
    -------------------------------------------------------------------------
IOVERLAY
  Segment part 7. NOT NEEDED.
    -------------------------------------------------------------------------
DOVERLAY
  Segment part 8. NOT NEEDED.

    *************************************************************************

  FILE NAME : C:\Documents and Settings\haoyan\桌面\SPP-BT修改版7\App_Ex\cc2430\IAR_files\RX\Obj\rfSendPacket.r51
  PROGRAM MODULE, NAME : rfSendPacket

  SEGMENTS IN THE MODULE
  ======================
SFR_AN
  Segment part 1. TENTATIVE. Used definition from rfReceivePacket
           ENTRY                   ADDRESS         REF BY
           =====                   =======         ======
           RFD                     
    -------------------------------------------------------------------------
SFR_AN
  Segment part 2. TENTATIVE. Used definition from radio
           ENTRY                   ADDRESS         REF BY
           =====                   =======         ======
           RFST                    
    -------------------------------------------------------------------------
SFR_AN
  Segment part 3. TENTATIVE. Used definition from rfReceivePacket
           ENTRY                   ADDRESS         REF BY
           =====                   =======         ======
           RFIF                    
    -------------------------------------------------------------------------
NEAR_CODE
  Segment part 9. NOT NEEDED.
           ENTRY                   ADDRESS         REF BY
           =====                   =======         ======
           halRfSendPacket         
               is not allocated
    -------------------------------------------------------------------------
ISTACK
  Segment part 4. NOT NEEDED.
    -------------------------------------------------------------------------
PSTACK
  Segment part 5. NOT NEEDED.
    -------------------------------------------------------------------------
XSTACK
  Segment part 6. NOT NEEDED.
    -------------------------------------------------------------------------
IOVERLAY
  Segment part 7. NOT NEEDED.
    -------------------------------------------------------------------------
DOVERLAY
  Segment part 8. NOT NEEDED.

    *************************************************************************

  FILE NAME : C:\Documents and Settings\haoyan\桌面\SPP-BT修改版7\App_Ex\cc2430\IAR_files\RX\Obj\rfSetRadioFrequency.r51
  PROGRAM MODULE, NAME : rfSetRadioFrequency

  SEGMENTS IN THE MODULE
  ======================
NEAR_CODE
  Relative segment, address: CODE 000010F5 - 00001134 (0x40 bytes), align: 0
  Segment part 10.
           ENTRY                   ADDRESS         REF BY
           =====                   =======         ======
           halRfSetRadioFrequency
                                   000010F5        halRfConfig (rfConfig)
                                                   main (rf_test)
               stack 1 = 00000000 ( 0000000F )
               stack 2 = 00000000 ( 00000001 )
    -------------------------------------------------------------------------
ISTACK
  Segment part 1. NOT NEEDED.
    -------------------------------------------------------------------------
PSTACK
  Segment part 2. NOT NEEDED.
    -------------------------------------------------------------------------
XSTACK
  Segment part 3. NOT NEEDED.
    -------------------------------------------------------------------------
IOVERLAY
  Segment part 4. NOT NEEDED.
    -------------------------------------------------------------------------
DOVERLAY
  Segment part 5. NOT NEEDED.
    -------------------------------------------------------------------------
XDATA_I
  Relative segment, address: XDATA 0000EB6D - 0000EB70 (0x4 bytes), align: 0
  Segment part 6.             Intra module refs:   halRfSetRadioFrequency
           ENTRY                   ADDRESS         REF BY
           =====                   =======         ======
           __Constant_3e8          0000EB6D 
    -------------------------------------------------------------------------
XDATA_ID
  Relative segment, address: CODE 00001DFF - 00001E02 (0x4 bytes), align: 0
  Segment part 7.             Intra module refs:   __Constant_3e8
    -------------------------------------------------------------------------
XDATA_I
  Relative segment, address: XDATA 0000EB71 - 0000EB74 (0x4 bytes), align: 0
  Segment part 8.             Intra module refs:   halRfSetRadioFrequency
           ENTRY                   ADDRESS         REF BY
           =====                   =======         ======
           __Constant_fffff800     0000EB71 
    -------------------------------------------------------------------------
XDATA_ID
  Relative segment, address: CODE 00001E03 - 00001E06 (0x4 bytes), align: 0
  Segment part 9.             Intra module refs:   __Constant_fffff800

    *************************************************************************

  FILE NAME : C:\Documents and Settings\haoyan\桌面\SPP-BT修改版7\App_Ex\cc2430\IAR_files\RX\Obj\rf_test.r51
  PROGRAM MODULE, NAME : rf_test

  SEGMENTS IN THE MODULE
  ======================
SFR_AN
  Segment part 1. TENTATIVE. Used definition from dmaInit
           ENTRY                   ADDRESS         REF BY
           =====                   =======         ======
           _A_TCON                 
    -------------------------------------------------------------------------
SFR_AN
  Relative segment, address: DATA 00000090 - 00000090 (0x1 bytes), align: 0
  Segment part 2.             Intra module refs:   Enter_IAP_Mode
                                                   RADIO_Receive_Data
                                                   initRfTest
                                                   main
           ENTRY                   ADDRESS         REF BY
           =====                   =======         ======
           _A_P1                   00000090 
    -------------------------------------------------------------------------
SFR_AN
  Segment part 3. TENTATIVE. Used definition from dmaInit
           ENTRY                   ADDRESS         REF BY
           =====                   =======         ======
           IEN2                    
    -------------------------------------------------------------------------
SFR_AN
  Segment part 4. TENTATIVE. Used definition from dmaAllocChannel
           ENTRY                   ADDRESS         REF BY
           =====                   =======         ======
           _A_IEN0                 
    -------------------------------------------------------------------------
SFR_AN
  Segment part 5. TENTATIVE. Used definition from dmaInit
           ENTRY                   ADDRESS         REF BY
           =====                   =======         ======
           _A_IEN1                 
    -------------------------------------------------------------------------
SFR_AN
  Relative segment, address: DATA 000000BE - 000000BE (0x1 bytes), align: 0
  Segment part 6.             Intra module refs:   main
           ENTRY                   ADDRESS         REF BY
           =====                   =======         ======
           SLEEP                   000000BE 
    -------------------------------------------------------------------------
SFR_AN
  Segment part 7. TENTATIVE. Used definition from dmaInit
           ENTRY                   ADDRESS         REF BY
           =====                   =======         ======
           _A_IRCON                
    -------------------------------------------------------------------------
SFR_AN
  Segment part 8. NOT NEEDED.
           ENTRY                   ADDRESS         REF BY
           =====                   =======         ======
           U0DBUF                  
    -------------------------------------------------------------------------
SFR_AN
  Segment part 9. TENTATIVE. Used definition from flash
           ENTRY                   ADDRESS         REF BY
           =====                   =======         ======
           CLKCON                  
    -------------------------------------------------------------------------
SFR_AN
  Relative segment, address: DATA 000000C9 - 000000C9 (0x1 bytes), align: 0
  Segment part 10.            Intra module refs:   Enter_IAP_Mode
                                                   FeetDog
                                                   Init_Watchdog
                                                   Process_IAP_Data
                                                   RADIO_Receive_Data
           ENTRY                   ADDRESS         REF BY
           =====                   =======         ======
           WDCTL                   000000C9 
    -------------------------------------------------------------------------
SFR_AN
  Segment part 11. TENTATIVE. Used definition from dmaInit
           ENTRY                   ADDRESS         REF BY
           =====                   =======         ======
           _A_IRCON2               
    -------------------------------------------------------------------------
SFR_AN
  Segment part 12. TENTATIVE. Used definition from rfReceivePacket
           ENTRY                   ADDRESS         REF BY
           =====                   =======         ======
           RFIF                    
    -------------------------------------------------------------------------
SFR_AN
  Relative segment, address: DATA 000000F4 - 000000F4 (0x1 bytes), align: 0
  Segment part 13.            Intra module refs:   initRfTest
           ENTRY                   ADDRESS         REF BY
           =====                   =======         ======
           P1SEL                   000000F4 
    -------------------------------------------------------------------------
SFR_AN
  Relative segment, address: DATA 000000FE - 000000FE (0x1 bytes), align: 0
  Segment part 14.            Intra module refs:   initRfTest
           ENTRY                   ADDRESS         REF BY
           =====                   =======         ======
           P1DIR                   000000FE 
    -------------------------------------------------------------------------
XDATA_Z
  Relative segment, address: XDATA 0000EB36 - 0000EB37 (0x2 bytes), align: 0
  Segment part 23.            Intra module refs:   main
           LOCAL                   ADDRESS         
           =====                   =======         
           APPEntry                0000EB36 
    -------------------------------------------------------------------------
CODE_AC
  Relative segment, address: CODE 00002000 - 0000200B (0xc bytes), align: 0
  Segment part 15.            Intra module refs:   Is_APP1_Full
                                                   main
           ENTRY                   ADDRESS         REF BY
           =====                   =======         ======
           APP_INFO1               00002000 
    -------------------------------------------------------------------------
CODE_AC
  Relative segment, address: CODE 0000C000 - 0000C007 (0x8 bytes), align: 0
  Segment part 16.            Intra module refs:   Is_APP1_Full
           ENTRY                   ADDRESS         REF BY
           =====                   =======         ======
           Config_Table            0000C000 
    -------------------------------------------------------------------------
CODE_AC
  Relative segment, address: CODE 0000D800 - 0000D807 (0x8 bytes), align: 0
  Segment part 17.            Intra module refs:   main
           ENTRY                   ADDRESS         REF BY
           =====                   =======         ======
           Node_Info               0000D800 
    -------------------------------------------------------------------------
XDATA_I
  Relative segment, address: XDATA 0000EB75 - 0000EB78 (0x4 bytes), align: 0
[...]
  LIBRARY MODULE, NAME : ?memmove

  SEGMENTS IN THE MODULE
  ======================
NEAR_CODE
  Segment part 6. NOT NEEDED.
           ENTRY                   ADDRESS         REF BY
           =====                   =======         ======
           memmove                 
               is not allocated
    -------------------------------------------------------------------------
NEAR_CODE
  Segment part 7. NOT NEEDED.
    -------------------------------------------------------------------------
ISTACK
  Segment part 1. NOT NEEDED.
    -------------------------------------------------------------------------
PSTACK
  Segment part 2. NOT NEEDED.
    -------------------------------------------------------------------------
XSTACK
  Segment part 3. NOT NEEDED.
    -------------------------------------------------------------------------
IOVERLAY
  Segment part 4. NOT NEEDED.
    -------------------------------------------------------------------------
DOVERLAY
  Segment part 5. NOT NEEDED.

    -------------------------------------------------------------------------
  LIBRARY MODULE, NAME : ?memset

  SEGMENTS IN THE MODULE
  ======================
NEAR_CODE
  Relative segment, address: CODE 00001DB0 - 00001DDE (0x2f bytes), align: 0
  Segment part 6.
           ENTRY                   ADDRESS         REF BY
           =====                   =======         ======
           memset                  00001DB0        culDmaInit (dmaInit)
               stack 1 = 00000002 ( 00000008 )
               stack 2 = 00000000 ( 00000001 )
    -------------------------------------------------------------------------
ISTACK
  Segment part 1. NOT NEEDED.
    -------------------------------------------------------------------------
PSTACK
  Segment part 2. NOT NEEDED.
    -------------------------------------------------------------------------
XSTACK
  Segment part 3. NOT NEEDED.
    -------------------------------------------------------------------------
IOVERLAY
  Segment part 4. NOT NEEDED.
    -------------------------------------------------------------------------
DOVERLAY
  Segment part 5. NOT NEEDED.

    -------------------------------------------------------------------------
  LIBRARY MODULE, NAME : ?low_level_init

  SEGMENTS IN THE MODULE
  ======================
CSTART
  Relative segment, address: CODE 00000885 - 00000887 (0x3 bytes), align: 0
  Segment part 6. ROOT.
           ENTRY                   ADDRESS         REF BY
           =====                   =======         ======
           __low_level_init        00000885        __low_level_init_call (?cmain)
    -------------------------------------------------------------------------
ISTACK
  Segment part 1. NOT NEEDED.
    -------------------------------------------------------------------------
PSTACK
  Segment part 2. NOT NEEDED.
    -------------------------------------------------------------------------
XSTACK
  Segment part 3. NOT NEEDED.
    -------------------------------------------------------------------------
IOVERLAY
  Segment part 4. NOT NEEDED.
    -------------------------------------------------------------------------
DOVERLAY
  Segment part 5. NOT NEEDED.




                ****************************************
                *                                      *
                *            MODULE SUMMARY            *
                *                                      *
                ****************************************

Module                       CODE          DATA      XDATA  IDATA    BIT
------                       ----          ----      -----  -----    ---
                         (Rel)  (Abs)  (Rel)  (Abs)  (Rel)  (Rel)  (Rel)
?ADD_XSTACK_DISP8           20
?ALLOC_XSTACK8              15
?CALL_IND                    2
?DEALLOC_XSTACK8            19
?FUNC_ENTER_XDATA           95
?FUNC_LEAVE_XDATA           59
?L_ADD                      19
?L_ADD_TO_X                 19
?L_ADD_X                    19
?L_DIV_MOD                  87
?L_EQ_X                     21
?L_MOV_TO_X                 15
?L_MOV_X                    15
?L_NEG                      17
?L_NEG_R1                   17
?L_SHL                      31
?MOVE_LONG8_XDATA_IDATA     13
?MOVE_LONG8_XDATA_XDATA     33
?PUSH_XSTACK8_X             44
?PUSH_XSTACK_I              23
?SL_GT_X                    21
?S_DIV_MOD                 154
?S_SHL                      19
?UC_SWITCH_DENSE            54
?UL_DIV_MOD                112
?UL_GT                      16
?UL_SHR                     25
?US_SWITCH_DENSE            70
?XSTACK_DISP8               10
?cexit                       5
?cmain                     113
?low_level_init              3
?memset                     47
CSTARTUP                    15
  + common                   3
VIRTUAL_REGISTERS                          2                           8
dmaAllocChannel            175
  + shared                                        3
dmaFromRadio               101
dmaInit                     99                    2     47
  + shared                                        8
dmaToRadio                 132
flash                    2 147                    7  2 080
  + shared                                        1      4
radio                      504                         133
  + shared                                        1
rfConfig                    86                           4
rfReceivePacket
  + shared                                        2
rfSetRadioFrequency         72                           8
rf_test                  2 195     28             5     80
spp                        967                    1     10
wait                       104                           4
N/A (command line)                        16           767     64
N/A (alignment)
----------               -----     --     --     --  -----     --      -
Total:                   7 829     28     18     30  3 137     64      8
  + common                   3


                ****************************************
                *                                      *
                *              CALL GRAPH              *
                *                                      *
                ****************************************

  ->Sub-tree of type: Indirectly called function tree that does not make
                    : indirect calls (Is not an interrupt and is not flagged
                    : as not overlayable)
                             XSTACK   ISTACK
    | Stack used (prev) :  00000000 00000000
  01  rxCallBack
      | Stack used (prev) :  00000000 00000000
      | + function block  :  00000009 00000000
  <-Sub-tree of type: Indirectly called function tree that does not make
                    : indirect calls (Is not an interrupt and is not flagged
                    : as not overlayable)
    | Stack used          :  00000009 00000000


  ->Sub-tree of type: Function tree
                             XSTACK   ISTACK
    | Stack used (prev) :  00000009 00000000
  02    halWait
        | Stack used (prev) :  00000009 00000000
        | + function block  :  0000000F 00000000
  02    sppSetAddress
        | Stack used (prev) :  00000009 00000000
        | + function block  :  00000000 00000002
  02    Is_APP1_Full
        | Stack used (prev) :  00000009 00000000
        | + function block  :  00000090 00000002
  02    Mac_Judge
        | Stack used (prev) :  00000009 00000000
        | + function block  :  0000000C 00000000
  02    GetConfig
        | Stack used (prev) :  00000009 00000000
        | + function block  :  0000000F 00000000
  02    BT_Init
        | Stack used (prev) :  00000009 00000000
        | + function block  :  00000004 00000000
  03      halWait
          | Stack used (prev) :  00000009 00000000
          | + function block  :  0000000F 00000000
          |  Already listed
  04        halWait
            | Stack used (prev) :  00000009 00000000
            | + function block  :  0000000F 00000000
            |  Already listed
  04        sppReceive
            | Stack used (prev) :  00000009 00000000
            | + function block  :  00000009 00000001
  04        FeetDog
            | Stack used (prev) :  00000009 00000000
            | + function block  :  00000000 00000000
  03      radioReceive
          | Stack used (prev) :  00000018 00000000
          | + function block  :  00000026 00000001
  02    RADIO_Receive_Data
        | Stack used (prev) :  0000003E 00000001
        | + function block  :  000000AA 00000000
  03      halWait
          | Stack used (prev) :  00000009 00000000
          | + function block  :  0000000F 00000000
          |  Already listed
  03      Init_Watchdog
          | Stack used (prev) :  00000009 00000000
          | + function block  :  00000008 00000000
  03      RADIO_Receive_Data
          | Stack used (prev) :  0000003E 00000001
          | + function block  :  000000AA 00000000
          |  Already listed
  04        halWait
            | Stack used (prev) :  00000009 00000000
            | + function block  :  0000000F 00000000
            |  Already listed
  04        Is_APP1_Full
            | Stack used (prev) :  00000009 00000000
            | + function block  :  00000090 00000002
            |  Already listed
  04        VerifyProgram
            | Stack used (prev) :  00000009 00000000
            | + function block  :  00000099 00000000
  04        RADIO_Receive_Data
            | Stack used (prev) :  0000003E 00000001
            | + function block  :  000000AA 00000000
            |  Already listed
  05          halWait
              | Stack used (prev) :  00000009 00000000
              | + function block  :  0000000F 00000000
              |  Already listed
  06            halWait
                | Stack used (prev) :  00000009 00000000
                | + function block  :  0000000F 00000000
                |  Already listed
  06            FeetDog
                | Stack used (prev) :  00000009 00000000
                | + function block  :  00000000 00000000
                |  Already listed
  05          sppSend
              | Stack used (prev) :  00000018 00000000
              | + function block  :  00000016 00000001
  05          FeetDog
              | Stack used (prev) :  00000009 00000000
              | + function block  :  00000000 00000000
              |  Already listed
  04        radioSend
            | Stack used (prev) :  0000002E 00000001
            | + function block  :  0000001B 00000000
  05          ReadAddrConvert
              | Stack used (prev) :  00000009 00000000
              | + function block  :  00000027 00000002
  05          ReadAddrConvert
              | Stack used (prev) :  00000009 00000000
              | + function block  :  00000027 00000002
              |  Already listed
  04        FlashRead
            | Stack used (prev) :  00000030 00000000
            | + function block  :  00000045 00000002
  06            halWait
                | Stack used (prev) :  00000009 00000000
                | + function block  :  0000000F 00000000
                |  Already listed
  05          writeFlashUsingDMA
              | Stack used (prev) :  00000018 00000000
              | + function block  :  00000031 00000001
  05          writeFlashUsingDMA
              | Stack used (prev) :  00000018 00000000
              | + function block  :  00000031 00000001
              |  Already listed
  05          WriteAddrConvert
              | Stack used (prev) :  00000009 00000000
              | + function block  :  00000030 00000002
  05          WriteAddrConvert
              | Stack used (prev) :  00000009 00000000
              | + function block  :  00000030 00000002
              |  Already listed
  05          FlashRead
              | Stack used (prev) :  00000030 00000000
              | + function block  :  00000045 00000002
              |  Already listed
  05          FlashRead
              | Stack used (prev) :  00000030 00000000
              | + function block  :  00000045 00000002
              |  Already listed
  04        FlashWrite
            | Stack used (prev) :  00000075 00000000
            | + function block  :  0000003E 00000002
  03      Process_IAP_Data
          | Stack used (prev) :  000000E8 00000002
          | + function block  :  00000128 00000000
  03      radioSend
          | Stack used (prev) :  0000002E 00000001
          | + function block  :  0000001B 00000000
          |  Already listed
  02    Enter_IAP_Mode
        | Stack used (prev) :  00000210 00000002
        | + function block  :  00000014 00000000
  06            halRfSetRadioFrequency
                | Stack used (prev) :  00000009 00000000
                | + function block  :  0000000F 00000001
  05          halRfConfig
              | Stack used (prev) :  00000018 00000001
              | + function block  :  0000001E 00000000
  05          culDmaToRadio
              | Stack used (prev) :  00000009 00000000
              | + function block  :  0000000B 00000001
  06            memset
                | Stack used (prev) :  00000009 00000000
                | + function block  :  0000000A 00000001
  05          culDmaInit
              | Stack used (prev) :  00000013 00000001
              | + function block  :  00000016 00000000
  05          culDmaFromRadio
              | Stack used (prev) :  00000009 00000000
              | + function block  :  00000008 00000001
  05          culDmaAllocChannel
              | Stack used (prev) :  00000009 00000000
              | + function block  :  0000000A 00000001
  04        sppInit
            | Stack used (prev) :  00000036 00000001
            | + function block  :  00000016 00000000
  03      radioInit
          | Stack used (prev) :  0000004C 00000001
          | + function block  :  00000016 00000000
  02    initRfTest
        | Stack used (prev) :  00000062 00000001
        | + function block  :  0000001A 00000000
  02    halRfSetRadioFrequency
        | Stack used (prev) :  00000009 00000000
        | + function block  :  0000000F 00000001
        |  Already listed
  02    radioSend
        | Stack used (prev) :  0000002E 00000001
        | + function block  :  0000001B 00000000
        |  Already listed
  02    FlashRead
        | Stack used (prev) :  00000030 00000000
        | + function block  :  00000045 00000002
        |  Already listed
  02    FlashWrite
        | Stack used (prev) :  00000075 00000000
        | + function block  :  0000003E 00000002
        |  Already listed
  01  main
      | Stack used (prev) :  00000224 00000002
      | + function block  :  00000008 00000000
  <-Sub-tree of type: Function tree
    | Stack used          :  0000022C 00000002


  ->Sub-tree of type: Function tree
                             XSTACK   ISTACK
    | Stack used (prev) :  0000022C 00000002
  01  exit
      | Stack used (prev) :  0000022C 00000002
      | + function block  :  00000000 00000000
  <-Sub-tree of type: Function tree
    | Stack used          :  0000022C 00000002


  ->Sub-tree of type: Function tree
                             XSTACK   ISTACK
    | Stack used (prev) :  0000022C 00000002
  01  __program_start
      | Stack used (prev) :  0000022C 00000002
      | + function block  :  00000000 00000000
  <-Sub-tree of type: Function tree
    | Stack used          :  0000022C 00000002


  ->Sub-tree of type: Function tree
                             XSTACK   ISTACK
    | Stack used (prev) :  0000022C 00000002
  01  __low_level_init
      | Stack used (prev) :  0000022C 00000002
      | + function block  :  00000000 00000000
  <-Sub-tree of type: Function tree
    | Stack used          :  0000022C 00000002




                ****************************************
                *                                      *
                *      SEGMENTS IN ADDRESS ORDER       *
                *                                      *
                ****************************************


SEGMENT              SPACE    START ADDRESS   END ADDRESS     SIZE  TYPE  ALIGN
=======              =====    =============   ===========     ====  ====  =====
INTVEC               CODE          00000000 - 00000002           3   com    0
CSTART               CODE          00000800 - 00000887          88   rel    0
RCODE                CODE          00000888 - 00000CAF         428   rel    0
NEAR_CODE            CODE          00000CB0 - 00001DDE        112F   rel    0
IXDATA_ID            CODE               00001DDF                     dse    0
DATA_ID              CODE               00001DDF                     dse    0
BDATA_ID             CODE               00001DDF                     dse    0
PDATA_ID             CODE               00001DDF                     dse    0
BIT_ID               CODE               00001DDF                     dse    0
IDATA_ID             CODE               00001DDF                     dse    0
XDATA_ID             CODE          00001DDF - 00001E4D          6F   rel    0
CODE_AC              CODE          00002000 - 0000200B           C   rel    0
                     CODE          0000C000 - 0000C007           8 
FLASH                CODE          0000C800 - 0000D046         847   rel    0
CODE_AC              CODE          0000D800 - 0000D807           8   rel    0
REGISTERS            DATA          00000000 - 00000007           8   rel    0
VREG                 DATA          00000008 - 0000000F           8   rel    0
PSP                  DATA               00000010                     dse    0
XSP                  DATA          00000010 - 00000011           2   rel    0
BREG                 BIT        00000020.0  -  00000020.7        8   rel    0
SFR_AN               DATA          00000088 - 00000088           1   rel    0
                     DATA          00000090 - 00000091           2 
                     DATA          00000098 - 00000098           1 
                     DATA          0000009A - 0000009B           2 
                     DATA          0000009F - 0000009F           1 
                     DATA          000000A8 - 000000A8           1 
                     DATA          000000AB - 000000AE           4 
                     DATA          000000B8 - 000000B8           1 
                     DATA          000000BE - 000000BE           1 
                     DATA          000000C0 - 000000C0           1 
                     DATA          000000C6 - 000000C6           1 
                     DATA          000000C9 - 000000C9           1 
                     DATA          000000D1 - 000000D7           7 
                     DATA          000000D9 - 000000D9           1 
                     DATA          000000E1 - 000000E1           1 
                     DATA          000000E8 - 000000E9           2 
                     DATA          000000F4 - 000000F4           1 
                     DATA          000000FE - 000000FE           1 
XSTACK               XDATA         0000E000 - 0000E2FE         2FF   rel    0
XDATA_N              XDATA              0000E2FF                     dse    0
IXDATA_I             XDATA              0000E2FF                     dse    0
XDATA_Z              XDATA         0000E2FF - 0000EB4C         84E   rel    0
XDATA_I              XDATA         0000EB4D - 0000EBBB          6F   rel    0
PM0_XDATA            XDATA         0000EBBC - 0000EC40          85   rel    0
ISTACK               IDATA         000000C0 - 000000FF          40   rel    0

                ****************************************
                *                                      *
                *        END OF CROSS REFERENCE        *
                *                                      *
                ****************************************

 7 832 bytes of CODE  memory (+ 28 absolute )
    18 bytes of DATA  memory (+ 30 absolute )
 3 137 bytes of XDATA memory
    64 bytes of IDATA memory
     8 bits  of BIT   memory

Errors: none
Warnings: none

